Archive member included to satisfy reference by file (symbol)

c:/program files (x86)/gnu tools arm embedded/7 2017-q4-major/bin/../lib/gcc/arm-none-eabi/7.2.1/../../../../arm-none-eabi/lib/thumb/v7e-m/fpv4-sp/hard\libstdc++_nano.a(atexit_arm.o)
                              Build/robo_init.o (__aeabi_atexit)
c:/program files (x86)/gnu tools arm embedded/7 2017-q4-major/bin/../lib/gcc/arm-none-eabi/7.2.1/../../../../arm-none-eabi/lib/thumb/v7e-m/fpv4-sp/hard\libc_nano.a(lib_a-cxa_atexit.o)
                              c:/program files (x86)/gnu tools arm embedded/7 2017-q4-major/bin/../lib/gcc/arm-none-eabi/7.2.1/../../../../arm-none-eabi/lib/thumb/v7e-m/fpv4-sp/hard\libstdc++_nano.a(atexit_arm.o) (__cxa_atexit)
c:/program files (x86)/gnu tools arm embedded/7 2017-q4-major/bin/../lib/gcc/arm-none-eabi/7.2.1/../../../../arm-none-eabi/lib/thumb/v7e-m/fpv4-sp/hard\libc_nano.a(lib_a-exit.o)
                              c:/program files (x86)/gnu tools arm embedded/7 2017-q4-major/bin/../lib/gcc/arm-none-eabi/7.2.1/../../../../arm-none-eabi/lib/thumb/v7e-m/fpv4-sp/hard/crt0.o (exit)
c:/program files (x86)/gnu tools arm embedded/7 2017-q4-major/bin/../lib/gcc/arm-none-eabi/7.2.1/../../../../arm-none-eabi/lib/thumb/v7e-m/fpv4-sp/hard\libc_nano.a(lib_a-impure.o)
                              c:/program files (x86)/gnu tools arm embedded/7 2017-q4-major/bin/../lib/gcc/arm-none-eabi/7.2.1/../../../../arm-none-eabi/lib/thumb/v7e-m/fpv4-sp/hard\libc_nano.a(lib_a-exit.o) (_global_impure_ptr)
c:/program files (x86)/gnu tools arm embedded/7 2017-q4-major/bin/../lib/gcc/arm-none-eabi/7.2.1/../../../../arm-none-eabi/lib/thumb/v7e-m/fpv4-sp/hard\libc_nano.a(lib_a-init.o)
                              c:/program files (x86)/gnu tools arm embedded/7 2017-q4-major/bin/../lib/gcc/arm-none-eabi/7.2.1/../../../../arm-none-eabi/lib/thumb/v7e-m/fpv4-sp/hard/crt0.o (__libc_init_array)
c:/program files (x86)/gnu tools arm embedded/7 2017-q4-major/bin/../lib/gcc/arm-none-eabi/7.2.1/../../../../arm-none-eabi/lib/thumb/v7e-m/fpv4-sp/hard\libc_nano.a(lib_a-memset.o)
                              c:/program files (x86)/gnu tools arm embedded/7 2017-q4-major/bin/../lib/gcc/arm-none-eabi/7.2.1/../../../../arm-none-eabi/lib/thumb/v7e-m/fpv4-sp/hard/crt0.o (memset)
c:/program files (x86)/gnu tools arm embedded/7 2017-q4-major/bin/../lib/gcc/arm-none-eabi/7.2.1/../../../../arm-none-eabi/lib/thumb/v7e-m/fpv4-sp/hard\libc_nano.a(lib_a-nano-vfprintf_float.o)
                              (_printf_float)
c:/program files (x86)/gnu tools arm embedded/7 2017-q4-major/bin/../lib/gcc/arm-none-eabi/7.2.1/../../../../arm-none-eabi/lib/thumb/v7e-m/fpv4-sp/hard\libc_nano.a(lib_a-nano-vfprintf_i.o)
                              c:/program files (x86)/gnu tools arm embedded/7 2017-q4-major/bin/../lib/gcc/arm-none-eabi/7.2.1/../../../../arm-none-eabi/lib/thumb/v7e-m/fpv4-sp/hard\libc_nano.a(lib_a-nano-vfprintf_float.o) (_printf_common)
c:/program files (x86)/gnu tools arm embedded/7 2017-q4-major/bin/../lib/gcc/arm-none-eabi/7.2.1/../../../../arm-none-eabi/lib/thumb/v7e-m/fpv4-sp/hard\libc_nano.a(lib_a-on_exit_args.o)
                              c:/program files (x86)/gnu tools arm embedded/7 2017-q4-major/bin/../lib/gcc/arm-none-eabi/7.2.1/../../../../arm-none-eabi/lib/thumb/v7e-m/fpv4-sp/hard\libc_nano.a(lib_a-cxa_atexit.o) (__on_exit_args)
c:/program files (x86)/gnu tools arm embedded/7 2017-q4-major/bin/../lib/gcc/arm-none-eabi/7.2.1/../../../../arm-none-eabi/lib/thumb/v7e-m/fpv4-sp/hard\libc_nano.a(lib_a-printf.o)
                              Build/actuator.o (printf)
c:/program files (x86)/gnu tools arm embedded/7 2017-q4-major/bin/../lib/gcc/arm-none-eabi/7.2.1/../../../../arm-none-eabi/lib/thumb/v7e-m/fpv4-sp/hard\libc_nano.a(lib_a-strlen.o)
                              c:/program files (x86)/gnu tools arm embedded/7 2017-q4-major/bin/../lib/gcc/arm-none-eabi/7.2.1/../../../../arm-none-eabi/lib/thumb/v7e-m/fpv4-sp/hard\libc_nano.a(lib_a-nano-vfprintf_float.o) (strlen)
c:/program files (x86)/gnu tools arm embedded/7 2017-q4-major/bin/../lib/gcc/arm-none-eabi/7.2.1/../../../../arm-none-eabi/lib/thumb/v7e-m/fpv4-sp/hard\libc_nano.a(lib_a-dtoa.o)
                              c:/program files (x86)/gnu tools arm embedded/7 2017-q4-major/bin/../lib/gcc/arm-none-eabi/7.2.1/../../../../arm-none-eabi/lib/thumb/v7e-m/fpv4-sp/hard\libc_nano.a(lib_a-nano-vfprintf_float.o) (_dtoa_r)
c:/program files (x86)/gnu tools arm embedded/7 2017-q4-major/bin/../lib/gcc/arm-none-eabi/7.2.1/../../../../arm-none-eabi/lib/thumb/v7e-m/fpv4-sp/hard\libc_nano.a(lib_a-findfp.o)
                              c:/program files (x86)/gnu tools arm embedded/7 2017-q4-major/bin/../lib/gcc/arm-none-eabi/7.2.1/../../../../arm-none-eabi/lib/thumb/v7e-m/fpv4-sp/hard\libc_nano.a(lib_a-printf.o) (__sinit)
c:/program files (x86)/gnu tools arm embedded/7 2017-q4-major/bin/../lib/gcc/arm-none-eabi/7.2.1/../../../../arm-none-eabi/lib/thumb/v7e-m/fpv4-sp/hard\libc_nano.a(lib_a-fwalk.o)
[...]
Memory Configuration

Name             Origin             Length             Attributes
RAM              0x20000000         0x00020000         xrw
CCMRAM           0x10000000         0x00010000         rw
FLASH            0x08000000         0x00100000         xr
*default*        0x00000000         0xffffffff

Linker script and memory map

LOAD c:/program files (x86)/gnu tools arm embedded/7 2017-q4-major/bin/../lib/gcc/arm-none-eabi/7.2.1/thumb/v7e-m/fpv4-sp/hard/crti.o
LOAD c:/program files (x86)/gnu tools arm embedded/7 2017-q4-major/bin/../lib/gcc/arm-none-eabi/7.2.1/thumb/v7e-m/fpv4-sp/hard/crtbegin.o
LOAD c:/program files (x86)/gnu tools arm embedded/7 2017-q4-major/bin/../lib/gcc/arm-none-eabi/7.2.1/../../../../arm-none-eabi/lib/thumb/v7e-m/fpv4-sp/hard/crt0.o
LOAD Build/printf_config.o
LOAD Build/gpio.o
LOAD Build/tim.o
LOAD Build/usart.o
LOAD Build/stm32f4xx_it.o
LOAD Build/stm32f4xx_hal_msp.o
LOAD Build/stm32f4xx_hal_tim.o
LOAD Build/stm32f4xx_hal_tim_ex.o
LOAD Build/stm32f4xx_hal_uart.o
LOAD Build/stm32f4xx_hal_rcc.o
LOAD Build/stm32f4xx_hal_rcc_ex.o
LOAD Build/stm32f4xx_hal_flash.o
LOAD Build/stm32f4xx_hal_flash_ex.o
LOAD Build/stm32f4xx_hal_flash_ramfunc.o
LOAD Build/stm32f4xx_hal_gpio.o
LOAD Build/stm32f4xx_hal_dma_ex.o
LOAD Build/stm32f4xx_hal_dma.o
LOAD Build/stm32f4xx_hal_pwr.o
LOAD Build/stm32f4xx_hal_pwr_ex.o
LOAD Build/stm32f4xx_hal_cortex.o
LOAD Build/stm32f4xx_hal.o
LOAD Build/stm32f4xx_hal_exti.o
LOAD Build/system_stm32f4xx.o
LOAD Build/dma.o
LOAD Build/startup_stm32f407xx.o
LOAD Build/actuator.o
LOAD Build/motor.o
LOAD Build/robo_init.o
LOAD Build/encoder.o
LOAD Build/main.o
LOAD Build/joystick.o
LOAD Build/pid.o
LOAD c:/program files (x86)/gnu tools arm embedded/7 2017-q4-major/bin/../lib/gcc/arm-none-eabi/7.2.1/../../../../arm-none-eabi/lib/thumb/v7e-m/fpv4-sp/hard\libnosys.a
LOAD c:/program files (x86)/gnu tools arm embedded/7 2017-q4-major/bin/../lib/gcc/arm-none-eabi/7.2.1/../../../../arm-none-eabi/lib/thumb/v7e-m/fpv4-sp/hard\libstdc++_nano.a
LOAD c:/program files (x86)/gnu tools arm embedded/7 2017-q4-major/bin/../lib/gcc/arm-none-eabi/7.2.1/../../../../arm-none-eabi/lib/thumb/v7e-m/fpv4-sp/hard\libm.a
LOAD c:/program files (x86)/gnu tools arm embedded/7 2017-q4-major/bin/../lib/gcc/arm-none-eabi/7.2.1/../../../../arm-none-eabi/lib/thumb/v7e-m/fpv4-sp/hard\libc_nano.a
START GROUP
LOAD c:/program files (x86)/gnu tools arm embedded/7 2017-q4-major/bin/../lib/gcc/arm-none-eabi/7.2.1/thumb/v7e-m/fpv4-sp/hard\libgcc.a
LOAD c:/program files (x86)/gnu tools arm embedded/7 2017-q4-major/bin/../lib/gcc/arm-none-eabi/7.2.1/../../../../arm-none-eabi/lib/thumb/v7e-m/fpv4-sp/hard\libc_nano.a
END GROUP
START GROUP
LOAD c:/program files (x86)/gnu tools arm embedded/7 2017-q4-major/bin/../lib/gcc/arm-none-eabi/7.2.1/thumb/v7e-m/fpv4-sp/hard\libgcc.a
LOAD c:/program files (x86)/gnu tools arm embedded/7 2017-q4-major/bin/../lib/gcc/arm-none-eabi/7.2.1/../../../../arm-none-eabi/lib/thumb/v7e-m/fpv4-sp/hard\libc_nano.a
LOAD c:/program files (x86)/gnu tools arm embedded/7 2017-q4-major/bin/../lib/gcc/arm-none-eabi/7.2.1/../../../../arm-none-eabi/lib/thumb/v7e-m/fpv4-sp/hard\libnosys.a
END GROUP
START GROUP
LOAD c:/program files (x86)/gnu tools arm embedded/7 2017-q4-major/bin/../lib/gcc/arm-none-eabi/7.2.1/thumb/v7e-m/fpv4-sp/hard\libgcc.a
LOAD c:/program files (x86)/gnu tools arm embedded/7 2017-q4-major/bin/../lib/gcc/arm-none-eabi/7.2.1/../../../../arm-none-eabi/lib/thumb/v7e-m/fpv4-sp/hard\libc_nano.a
LOAD c:/program files (x86)/gnu tools arm embedded/7 2017-q4-major/bin/../lib/gcc/arm-none-eabi/7.2.1/../../../../arm-none-eabi/lib/thumb/v7e-m/fpv4-sp/hard\libnosys.a
END GROUP
LOAD c:/program files (x86)/gnu tools arm embedded/7 2017-q4-major/bin/../lib/gcc/arm-none-eabi/7.2.1/thumb/v7e-m/fpv4-sp/hard/crtend.o
LOAD c:/program files (x86)/gnu tools arm embedded/7 2017-q4-major/bin/../lib/gcc/arm-none-eabi/7.2.1/thumb/v7e-m/fpv4-sp/hard/crtn.o
                0x20020000                _estack = 0x20020000
                0x00000200                _Min_Heap_Size = 0x200
                0x00000400                _Min_Stack_Size = 0x400

.isr_vector     0x08000000      0x188
                0x08000000                . = ALIGN (0x4)
 *(.isr_vector)
 .isr_vector    0x08000000      0x188 Build/startup_stm32f407xx.o
                0x08000000                g_pfnVectors
                0x08000188                . = ALIGN (0x4)

.text           0x08000190     0x64c4
                0x08000190                . = ALIGN (0x4)
 *(.text)
 .text          0x08000190       0x40 c:/program files (x86)/gnu tools arm embedded/7 2017-q4-major/bin/../lib/gcc/arm-none-eabi/7.2.1/thumb/v7e-m/fpv4-sp/hard/crtbegin.o
 .text          0x080001d0       0x10 c:/program files (x86)/gnu tools arm embedded/7 2017-q4-major/bin/../lib/gcc/arm-none-eabi/7.2.1/../../../../arm-none-eabi/lib/thumb/v7e-m/fpv4-sp/hard\libc_nano.a(lib_a-strlen.o)
                0x080001d0                strlen
 .text          0x080001e0       0xa0 c:/program files (x86)/gnu tools arm embedded/7 2017-q4-major/bin/../lib/gcc/arm-none-eabi/7.2.1/../../../../arm-none-eabi/lib/thumb/v7e-m/fpv4-sp/hard\libc_nano.a(lib_a-memchr.o)
                0x080001e0                memchr
 .text          0x08000280      0x378 c:/program files (x86)/gnu tools arm embedded/7 2017-q4-major/bin/../lib/gcc/arm-none-eabi/7.2.1/thumb/v7e-m/fpv4-sp/hard\libgcc.a(_arm_addsubdf3.o)
                0x08000280                __aeabi_drsub
                0x08000288                __aeabi_dsub
                0x08000288                __subdf3
                0x0800028c                __aeabi_dadd
                0x0800028c                __adddf3
                0x08000504                __floatunsidf
                0x08000504                __aeabi_ui2d
                0x08000524                __floatsidf
                0x08000524                __aeabi_i2d
                0x08000548                __aeabi_f2d
                0x08000548                __extendsfdf2
                0x0800058c                __floatundidf
                0x0800058c                __aeabi_ul2d
                0x0800059c                __floatdidf
                0x0800059c                __aeabi_l2d
 .text          0x080005f8      0x424 c:/program files (x86)/gnu tools arm embedded/7 2017-q4-major/bin/../lib/gcc/arm-none-eabi/7.2.1/thumb/v7e-m/fpv4-sp/hard\libgcc.a(_arm_muldivdf3.o)
                0x080005f8                __aeabi_dmul
                0x080005f8                __muldf3
                0x0800084c                __divdf3
                0x0800084c                __aeabi_ddiv
 .text          0x08000a1c      0x110 c:/program files (x86)/gnu tools arm embedded/7 2017-q4-major/bin/../lib/gcc/arm-none-eabi/7.2.1/thumb/v7e-m/fpv4-sp/hard\libgcc.a(_arm_cmpdf2.o)
                0x08000a1c                __gtdf2
                0x08000a1c                __gedf2
                0x08000a24                __ltdf2
                0x08000a24                __ledf2
                0x08000a2c                __nedf2
                0x08000a2c                __eqdf2
                0x08000a2c                __cmpdf2
                0x08000aa8                __aeabi_cdrcmple
                0x08000ab8                __aeabi_cdcmpeq
                0x08000ab8                __aeabi_cdcmple
                0x08000ac8                __aeabi_dcmpeq
                0x08000adc                __aeabi_dcmplt
                0x08000af0                __aeabi_dcmple
                0x08000b04                __aeabi_dcmpge
                0x08000b18                __aeabi_dcmpgt
 .text          0x08000b2c       0x2c c:/program files (x86)/gnu tools arm embedded/7 2017-q4-major/bin/../lib/gcc/arm-none-eabi/7.2.1/thumb/v7e-m/fpv4-sp/hard\libgcc.a(_arm_unorddf2.o)
                0x08000b2c                __unorddf2
                0x08000b2c                __aeabi_dcmpun
 .text          0x08000b58       0x50 c:/program files (x86)/gnu tools arm embedded/7 2017-q4-major/bin/../lib/gcc/arm-none-eabi/7.2.1/thumb/v7e-m/fpv4-sp/hard\libgcc.a(_arm_fixdfsi.o)
                0x08000b58                __aeabi_d2iz
                0x08000b58                __fixdfsi
 .text          0x08000ba8       0x40 c:/program files (x86)/gnu tools arm embedded/7 2017-q4-major/bin/../lib/gcc/arm-none-eabi/7.2.1/thumb/v7e-m/fpv4-sp/hard\libgcc.a(_arm_fixunsdfsi.o)
                0x08000ba8                __aeabi_d2uiz
                0x08000ba8                __fixunsdfsi
 .text          0x08000be8       0xa0 c:/program files (x86)/gnu tools arm embedded/7 2017-q4-major/bin/../lib/gcc/arm-none-eabi/7.2.1/thumb/v7e-m/fpv4-sp/hard\libgcc.a(_arm_truncdfsf2.o)
                0x08000be8                __truncdfsf2
                0x08000be8                __aeabi_d2f
 .text          0x08000c88       0x30 c:/program files (x86)/gnu tools arm embedded/7 2017-q4-major/bin/../lib/gcc/arm-none-eabi/7.2.1/thumb/v7e-m/fpv4-sp/hard\libgcc.a(_aeabi_uldivmod.o)
                0x08000c88                __aeabi_uldivmod
 .text          0x08000cb8      0x2cc c:/program files (x86)/gnu tools arm embedded/7 2017-q4-major/bin/../lib/gcc/arm-none-eabi/7.2.1/thumb/v7e-m/fpv4-sp/hard\libgcc.a(_udivmoddi4.o)
                0x08000cb8                __udivmoddi4
 .text          0x08000f84        0x4 c:/program files (x86)/gnu tools arm embedded/7 2017-q4-major/bin/../lib/gcc/arm-none-eabi/7.2.1/thumb/v7e-m/fpv4-sp/hard\libgcc.a(_dvmd_tls.o)
                0x08000f84                __aeabi_idiv0
                0x08000f84                __aeabi_ldiv0
 *(.text*)
 .text.ITM_SendString
                0x08000f88       0x4e Build/printf_config.o
                0x08000f88                ITM_SendString
 .text._write   0x08000fd6        0xc Build/printf_config.o
                0x08000fd6                _write
 *fill*         0x08000fe2        0x2 
 .text.MX_GPIO_Init
                0x08000fe4      0x158 Build/gpio.o
                0x08000fe4                MX_GPIO_Init
 .text.MX_TIM1_Init
                0x0800113c       0x68 Build/tim.o
                0x0800113c                MX_TIM1_Init
 .text.MX_TIM2_Init
                0x080011a4       0x64 Build/tim.o
                0x080011a4                MX_TIM2_Init
 .text.MX_TIM3_Init
                0x08001208       0x64 Build/tim.o
                0x08001208                MX_TIM3_Init
 .text.MX_TIM4_Init
                0x0800126c       0x64 Build/tim.o
                0x0800126c                MX_TIM4_Init
 .text.HAL_TIM_Encoder_MspInit
                0x080012d0      0x228 Build/tim.o
                0x080012d0                HAL_TIM_Encoder_MspInit
 .text.HAL_TIM_PWM_MspInit
                0x080014f8       0x40 Build/tim.o
                0x080014f8                HAL_TIM_PWM_MspInit
 .text.HAL_TIM_MspPostInit
                0x08001538       0x5c Build/tim.o
                0x08001538                HAL_TIM_MspPostInit
 .text.MX_TIM8_Init
                0x08001594       0xf0 Build/tim.o
                0x08001594                MX_TIM8_Init
 .text.MX_UART4_Init
                0x08001684       0x34 Build/usart.o
                0x08001684                MX_UART4_Init
 .text.MX_USART2_UART_Init
                0x080016b8       0x34 Build/usart.o
                0x080016b8                MX_USART2_UART_Init
 .text.HAL_UART_MspInit
                0x080016ec      0x168 Build/usart.o
                0x080016ec                HAL_UART_MspInit
 .text.NMI_Handler
                0x08001854        0x2 Build/stm32f4xx_it.o
                0x08001854                NMI_Handler
 .text.HardFault_Handler
                0x08001856        0x2 Build/stm32f4xx_it.o
                0x08001856                HardFault_Handler
 .text.MemManage_Handler
                0x08001858        0x2 Build/stm32f4xx_it.o
                0x08001858                MemManage_Handler
 .text.BusFault_Handler
                0x0800185a        0x2 Build/stm32f4xx_it.o
                0x0800185a                BusFault_Handler
 .text.UsageFault_Handler
                0x0800185c        0x2 Build/stm32f4xx_it.o
                0x0800185c                UsageFault_Handler
 .text.SVC_Handler
                0x0800185e        0x2 Build/stm32f4xx_it.o
                0x0800185e                SVC_Handler
 .text.DebugMon_Handler
                0x08001860        0x2 Build/stm32f4xx_it.o
                0x08001860                DebugMon_Handler
 .text.PendSV_Handler
                0x08001862        0x2 Build/stm32f4xx_it.o
                0x08001862                PendSV_Handler
 .text.SysTick_Handler
                0x08001864        0x8 Build/stm32f4xx_it.o
                0x08001864                SysTick_Handler
 .text.DMA1_Stream4_IRQHandler
                0x0800186c       0x10 Build/stm32f4xx_it.o
                0x0800186c                DMA1_Stream4_IRQHandler
 .text.DMA1_Stream5_IRQHandler
                0x0800187c       0x10 Build/stm32f4xx_it.o
                0x0800187c                DMA1_Stream5_IRQHandler
 .text.TIM1_BRK_TIM9_IRQHandler
                0x0800188c       0x10 Build/stm32f4xx_it.o
                0x0800188c                TIM1_BRK_TIM9_IRQHandler
 .text.TIM1_UP_TIM10_IRQHandler
                0x0800189c       0x10 Build/stm32f4xx_it.o
                0x0800189c                TIM1_UP_TIM10_IRQHandler
 .text.TIM1_TRG_COM_TIM11_IRQHandler
                0x080018ac       0x10 Build/stm32f4xx_it.o
                0x080018ac                TIM1_TRG_COM_TIM11_IRQHandler
 .text.TIM1_CC_IRQHandler
                0x080018bc       0x10 Build/stm32f4xx_it.o
                0x080018bc                TIM1_CC_IRQHandler
 .text.TIM2_IRQHandler
                0x080018cc       0x10 Build/stm32f4xx_it.o
                0x080018cc                TIM2_IRQHandler
 .text.TIM3_IRQHandler
                0x080018dc       0x10 Build/stm32f4xx_it.o
                0x080018dc                TIM3_IRQHandler
 .text.TIM4_IRQHandler
                0x080018ec       0x10 Build/stm32f4xx_it.o
                0x080018ec                TIM4_IRQHandler
 .text.USART2_IRQHandler
                0x080018fc       0x10 Build/stm32f4xx_it.o
                0x080018fc                USART2_IRQHandler
 .text.TIM8_UP_TIM13_IRQHandler
                0x0800190c       0x10 Build/stm32f4xx_it.o
                0x0800190c                TIM8_UP_TIM13_IRQHandler
 .text.UART4_IRQHandler
                0x0800191c       0x10 Build/stm32f4xx_it.o
                0x0800191c                UART4_IRQHandler
 .text.HAL_MspInit
                0x0800192c       0x40 Build/stm32f4xx_hal_msp.o
                0x0800192c                HAL_MspInit
 .text.TIM_OC1_SetConfig
                0x0800196c       0x68 Build/stm32f4xx_hal_tim.o
 .text.TIM_OC3_SetConfig
                0x080019d4       0x70 Build/stm32f4xx_hal_tim.o
 .text.TIM_OC4_SetConfig
                0x08001a44       0x50 Build/stm32f4xx_hal_tim.o
 .text.HAL_TIM_Base_Start
                0x08001a94       0x24 Build/stm32f4xx_hal_tim.o
                0x08001a94                HAL_TIM_Base_Start
 .text.HAL_TIM_PeriodElapsedCallback
                0x08001ab8        0x2 Build/stm32f4xx_hal_tim.o
                0x08001ab8                HAL_TIM_PeriodElapsedCallback
 .text.HAL_TIM_OC_DelayElapsedCallback
                0x08001aba        0x2 Build/stm32f4xx_hal_tim.o
                0x08001aba                HAL_TIM_OC_DelayElapsedCallback
 .text.HAL_TIM_IC_CaptureCallback
                0x08001abc        0x2 Build/stm32f4xx_hal_tim.o
                0x08001abc                HAL_TIM_IC_CaptureCallback
 .text.HAL_TIM_PWM_PulseFinishedCallback
                0x08001abe        0x2 Build/stm32f4xx_hal_tim.o
                0x08001abe                HAL_TIM_PWM_PulseFinishedCallback
 .text.HAL_TIM_TriggerCallback
                0x08001ac0        0x2 Build/stm32f4xx_hal_tim.o
                0x08001ac0                HAL_TIM_TriggerCallback
 .text.HAL_TIM_IRQHandler
                0x08001ac2      0x17a Build/stm32f4xx_hal_tim.o
                0x08001ac2                HAL_TIM_IRQHandler
 .text.TIM_Base_SetConfig
                0x08001c3c       0xc8 Build/stm32f4xx_hal_tim.o
                0x08001c3c                TIM_Base_SetConfig
 .text.HAL_TIM_PWM_Init
                0x08001d04       0x32 Build/stm32f4xx_hal_tim.o
                0x08001d04                HAL_TIM_PWM_Init
 .text.HAL_TIM_Encoder_Init
                0x08001d36       0x9c Build/stm32f4xx_hal_tim.o
                0x08001d36                HAL_TIM_Encoder_Init
 *fill*         0x08001dd2        0x2 
 .text.TIM_OC2_SetConfig
                0x08001dd4       0x70 Build/stm32f4xx_hal_tim.o
                0x08001dd4                TIM_OC2_SetConfig
 .text.HAL_TIM_PWM_ConfigChannel
                0x08001e44       0xdc Build/stm32f4xx_hal_tim.o
                0x08001e44                HAL_TIM_PWM_ConfigChannel
 .text.TIM_CCxChannelCmd
                0x08001f20       0x22 Build/stm32f4xx_hal_tim.o
                0x08001f20                TIM_CCxChannelCmd
 *fill*         0x08001f42        0x2 
 .text.HAL_TIM_PWM_Start
                0x08001f44       0x40 Build/stm32f4xx_hal_tim.o
                0x08001f44                HAL_TIM_PWM_Start
 .text.HAL_TIM_Encoder_Start
                0x08001f84       0x44 Build/stm32f4xx_hal_tim.o
                0x08001f84                HAL_TIM_Encoder_Start
 .text.HAL_TIMEx_MasterConfigSynchronization
                0x08001fc8       0x46 Build/stm32f4xx_hal_tim_ex.o
                0x08001fc8                HAL_TIMEx_MasterConfigSynchronization
 .text.HAL_TIMEx_ConfigBreakDeadTime
                0x0800200e       0x52 Build/stm32f4xx_hal_tim_ex.o
                0x0800200e                HAL_TIMEx_ConfigBreakDeadTime
 .text.HAL_TIMEx_CommutCallback
                0x08002060        0x2 Build/stm32f4xx_hal_tim_ex.o
                0x08002060                HAL_TIMEx_CommutCallback
 .text.HAL_TIMEx_BreakCallback
                0x08002062        0x2 Build/stm32f4xx_hal_tim_ex.o
                0x08002062                HAL_TIMEx_BreakCallback
 .text.UART_EndRxTransfer
                0x08002064       0x1c Build/stm32f4xx_hal_uart.o
 .text.UART_Transmit_IT
                0x08002080       0x68 Build/stm32f4xx_hal_uart.o
 .text.UART_SetConfig
                0x080020e8      0x334 Build/stm32f4xx_hal_uart.o
 .text.UART_WaitOnFlagUntilTimeout
                0x0800241c       0x62 Build/stm32f4xx_hal_uart.o
 .text.HAL_UART_Init
                0x0800247e       0x5e Build/stm32f4xx_hal_uart.o
                0x0800247e                HAL_UART_Init
 .text.HAL_UART_Receive
                0x080024dc       0xe4 Build/stm32f4xx_hal_uart.o
                0x080024dc                HAL_UART_Receive
 .text.HAL_UART_TxCpltCallback
                0x080025c0        0x2 Build/stm32f4xx_hal_uart.o
                0x080025c0                HAL_UART_TxCpltCallback
 .text.UART_EndTransmit_IT
                0x080025c2       0x1a Build/stm32f4xx_hal_uart.o
 .text.HAL_UART_RxCpltCallback
                0x080025dc        0x2 Build/stm32f4xx_hal_uart.o
                0x080025dc                HAL_UART_RxCpltCallback
 .text.UART_Receive_IT
                0x080025de       0x9c Build/stm32f4xx_hal_uart.o
 .text.HAL_UART_ErrorCallback
                0x0800267a        0x2 Build/stm32f4xx_hal_uart.o
                0x0800267a                HAL_UART_ErrorCallback
 .text.HAL_UART_IRQHandler
                0x0800267c      0x120 Build/stm32f4xx_hal_uart.o
                0x0800267c                HAL_UART_IRQHandler
 .text.UART_DMAAbortOnError
                0x0800279c       0x10 Build/stm32f4xx_hal_uart.o
 .text.HAL_RCC_OscConfig
                0x080027ac      0x398 Build/stm32f4xx_hal_rcc.o
                0x080027ac                HAL_RCC_OscConfig
 .text.HAL_RCC_GetSysClockFreq
                0x08002b44       0xd8 Build/stm32f4xx_hal_rcc.o
                0x08002b44                HAL_RCC_GetSysClockFreq
 .text.HAL_RCC_ClockConfig
                0x08002c1c      0x158 Build/stm32f4xx_hal_rcc.o
                0x08002c1c                HAL_RCC_ClockConfig
 .text.HAL_RCC_GetHCLKFreq
                0x08002d74        0xc Build/stm32f4xx_hal_rcc.o
                0x08002d74                HAL_RCC_GetHCLKFreq
 .text.HAL_RCC_GetPCLK1Freq
                0x08002d80       0x20 Build/stm32f4xx_hal_rcc.o
                0x08002d80                HAL_RCC_GetPCLK1Freq
 .text.HAL_RCC_GetPCLK2Freq
                0x08002da0       0x20 Build/stm32f4xx_hal_rcc.o
                0x08002da0                HAL_RCC_GetPCLK2Freq
 .text.HAL_GPIO_Init
                0x08002dc0      0x1c8 Build/stm32f4xx_hal_gpio.o
                0x08002dc0                HAL_GPIO_Init
 .text.HAL_GPIO_WritePin
                0x08002f88        0xc Build/stm32f4xx_hal_gpio.o
                0x08002f88                HAL_GPIO_WritePin
 .text.DMA_CalcBaseAndBitshift
                0x08002f94       0x3c Build/stm32f4xx_hal_dma.o
 .text.DMA_CheckFifoParam
                0x08002fd0       0x8e Build/stm32f4xx_hal_dma.o
 *fill*         0x0800305e        0x2 
 .text.HAL_DMA_Init
                0x08003060       0xcc Build/stm32f4xx_hal_dma.o
                0x08003060                HAL_DMA_Init
 .text.HAL_DMA_Abort_IT
                0x0800312c       0x26 Build/stm32f4xx_hal_dma.o
                0x0800312c                HAL_DMA_Abort_IT
 *fill*         0x08003152        0x2 
 .text.HAL_DMA_IRQHandler
                0x08003154      0x1dc Build/stm32f4xx_hal_dma.o
                0x08003154                HAL_DMA_IRQHandler
 .text.HAL_NVIC_SetPriorityGrouping
                0x08003330       0x24 Build/stm32f4xx_hal_cortex.o
                0x08003330                HAL_NVIC_SetPriorityGrouping
 .text.HAL_NVIC_SetPriority
                0x08003354       0x68 Build/stm32f4xx_hal_cortex.o
                0x08003354                HAL_NVIC_SetPriority
 .text.HAL_NVIC_EnableIRQ
                0x080033bc       0x1c Build/stm32f4xx_hal_cortex.o
                0x080033bc                HAL_NVIC_EnableIRQ
 .text.HAL_SYSTICK_Config
                0x080033d8       0x2c Build/stm32f4xx_hal_cortex.o
                0x080033d8                HAL_SYSTICK_Config
 .text.HAL_InitTick
                0x08003404       0x4c Build/stm32f4xx_hal.o
                0x08003404                HAL_InitTick
 .text.HAL_Init
                0x08003450       0x34 Build/stm32f4xx_hal.o
                0x08003450                HAL_Init
 .text.HAL_IncTick
                0x08003484       0x18 Build/stm32f4xx_hal.o
                0x08003484                HAL_IncTick
 .text.HAL_GetTick
                0x0800349c        0xc Build/stm32f4xx_hal.o
                0x0800349c                HAL_GetTick
 .text.SystemInit
                0x080034a8       0x4c Build/system_stm32f4xx.o
                0x080034a8                SystemInit
 .text.MX_DMA_Init
                0x080034f4       0x44 Build/dma.o
                0x080034f4                MX_DMA_Init
 .text.Reset_Handler
                0x08003538       0x50 Build/startup_stm32f407xx.o
                0x08003538                Reset_Handler
 .text.Default_Handler
                0x08003588        0x2 Build/startup_stm32f407xx.o
                0x08003588                RTC_Alarm_IRQHandler
                0x08003588                HASH_RNG_IRQHandler
                0x08003588                EXTI2_IRQHandler
                0x08003588                TIM8_CC_IRQHandler
                0x08003588                DMA2_Stream5_IRQHandler
                0x08003588                PVD_IRQHandler
                0x08003588                SDIO_IRQHandler
                0x08003588                TAMP_STAMP_IRQHandler
                0x08003588                CAN2_RX1_IRQHandler
                0x08003588                EXTI3_IRQHandler
                0x08003588                TIM8_TRG_COM_TIM14_IRQHandler
                0x08003588                I2C3_ER_IRQHandler
                0x08003588                EXTI0_IRQHandler
                0x08003588                I2C2_EV_IRQHandler
                0x08003588                DMA1_Stream2_IRQHandler
                0x08003588                CAN1_RX0_IRQHandler
                0x08003588                FPU_IRQHandler
                0x08003588                OTG_HS_WKUP_IRQHandler
                0x08003588                CAN2_SCE_IRQHandler
                0x08003588                DMA2_Stream2_IRQHandler
                0x08003588                SPI1_IRQHandler
                0x08003588                TIM6_DAC_IRQHandler
                0x08003588                DCMI_IRQHandler
                0x08003588                CAN2_RX0_IRQHandler
                0x08003588                DMA2_Stream3_IRQHandler
                0x08003588                USART6_IRQHandler
                0x08003588                USART3_IRQHandler
                0x08003588                CAN1_RX1_IRQHandler
                0x08003588                UART5_IRQHandler
                0x08003588                DMA2_Stream0_IRQHandler
                0x08003588                I2C1_EV_IRQHandler
                0x08003588                DMA1_Stream6_IRQHandler
                0x08003588                DMA1_Stream1_IRQHandler
                0x08003588                RCC_IRQHandler
                0x08003588                TIM8_BRK_TIM12_IRQHandler
                0x08003588                Default_Handler
                0x08003588                EXTI15_10_IRQHandler
                0x08003588                ADC_IRQHandler
                0x08003588                DMA1_Stream7_IRQHandler
                0x08003588                TIM7_IRQHandler
                0x08003588                CAN2_TX_IRQHandler
                0x08003588                TIM5_IRQHandler
                0x08003588                DMA2_Stream7_IRQHandler
                0x08003588                I2C3_EV_IRQHandler
                0x08003588                EXTI9_5_IRQHandler
                0x08003588                RTC_WKUP_IRQHandler
                0x08003588                ETH_WKUP_IRQHandler
                0x08003588                SPI2_IRQHandler
                0x08003588                OTG_HS_EP1_IN_IRQHandler
                0x08003588                DMA1_Stream0_IRQHandler
                0x08003588                CAN1_TX_IRQHandler
                0x08003588                EXTI4_IRQHandler
                0x08003588                FSMC_IRQHandler
                0x08003588                ETH_IRQHandler
                0x08003588                OTG_HS_EP1_OUT_IRQHandler
                0x08003588                WWDG_IRQHandler
                0x08003588                OTG_FS_WKUP_IRQHandler
                0x08003588                OTG_HS_IRQHandler
                0x08003588                EXTI1_IRQHandler
                0x08003588                I2C2_ER_IRQHandler
                0x08003588                DMA2_Stream1_IRQHandler
                0x08003588                CAN1_SCE_IRQHandler
                0x08003588                FLASH_IRQHandler
                0x08003588                DMA2_Stream4_IRQHandler
                0x08003588                USART1_IRQHandler
                0x08003588                OTG_FS_IRQHandler
                0x08003588                SPI3_IRQHandler
                0x08003588                I2C1_ER_IRQHandler
                0x08003588                DMA2_Stream6_IRQHandler
                0x08003588                DMA1_Stream3_IRQHandler
 *fill*         0x0800358a        0x2 
 .text._Z41__static_initialization_and_destruction_0ii
                0x0800358c       0x20 Build/actuator.o
 .text._Z4playv
                0x080035ac       0x24 Build/actuator.o
                0x080035ac                play()
 .text._Z24calculate_wheel_velocityv
                0x080035d0       0xc4 Build/actuator.o
                0x080035d0                calculate_wheel_velocity()
 .text._Z7forwardv
                0x08003694       0x28 Build/actuator.o
                0x08003694                forward()
 .text._Z4backv
                0x080036bc       0x20 Build/actuator.o
                0x080036bc                back()
 .text._Z4leftv
                0x080036dc       0x28 Build/actuator.o
                0x080036dc                left()
 .text._Z4stopv
                0x08003704       0x18 Build/actuator.o
                0x08003704                stop()
 .text._GLOBAL__sub_I_time
                0x0800371c        0xe Build/actuator.o
 *fill*         0x0800372a        0x2 
 .text._ZL11time_periodt
                0x0800372c       0x14 Build/motor.o
 .text._ZL21set_DutyCycle_PrimaryP17TIM_HandleTypeDefmt
                0x08003740       0x50 Build/motor.o
 .text._ZL13set_DutyCycleP12Motor_configt
                0x08003790        0xe Build/motor.o
 *fill*         0x0800379e        0x2 
 .text._ZL14set_motorOmegaP12Motor_configf
                0x080037a0       0x48 Build/motor.o
 .text._ZL18set_motorDirectionP12Motor_config9Direction
                0x080037e8       0x4c Build/motor.o
 .text._ZN5motor9set_omegaEf
                0x08003834       0x84 Build/motor.o
                0x08003834                motor::set_omega(float)
 .text._ZN5motor11motor_inputEff
                0x080038b8       0x60 Build/motor.o
                0x080038b8                motor::motor_input(float, float)
 .text.__tcf_0  0x08003918       0x18 Build/robo_init.o
 .text._ZL10motor_initv
                0x08003930       0xe0 Build/robo_init.o
 .text._Z41__static_initialization_and_destruction_0ii
                0x08003a10       0x54 Build/robo_init.o
 .text._ZL8pid_initv
                0x08003a64      0x104 Build/robo_init.o
 .text._Z9robo_initv
                0x08003b68       0x10 Build/robo_init.o
                0x08003b68                robo_init()
 .text._GLOBAL__sub_I_gMotor
                0x08003b78        0xe Build/robo_init.o
 *fill*         0x08003b86        0x2 
 .text.__tcf_0  0x08003b88       0x18 Build/encoder.o
 .text._Z41__static_initialization_and_destruction_0ii
                0x08003ba0       0x40 Build/encoder.o
 .text._Z12encoder_initv
                0x08003be0       0x48 Build/encoder.o
                0x08003be0                encoder_init()
 .text._ZN7encoder9calculateEv
                0x08003c28       0x58 Build/encoder.o
                0x08003c28                encoder::calculate()
 .text._Z8get_datai
                0x08003c80       0x24 Build/encoder.o
                0x08003c80                get_data(int)
 .text._GLOBAL__sub_I__Z12encoder_initv
                0x08003ca4        0xe Build/encoder.o
 *fill*         0x08003cb2        0x2 
 .text._Z18SystemClock_Configv
                0x08003cb4       0x98 Build/main.o
                0x08003cb4                SystemClock_Config()
 .text.main     0x08003d4c       0x38 Build/main.o
                0x08003d4c                main
 .text.Error_Handler
                0x08003d84        0x2 Build/main.o
                0x08003d84                Error_Handler
 *fill*         0x08003d86        0x2 
 .text._Z10Robot_taskv
                0x08003d88       0xa4 Build/joystick.o
                0x08003d88                Robot_task()
 .text._ZN3PID5setKpEf
                0x08003e2c        0x6 Build/pid.o
                0x08003e2c                PID::setKp(float)
 .text._ZN3PID5setKiEf
                0x08003e32        0x6 Build/pid.o
                0x08003e32                PID::setKi(float)
 .text._ZN3PID5setKdEf
                0x08003e38        0x6 Build/pid.o
                0x08003e38                PID::setKd(float)
 .text._ZN3PID6setPIDEfff
                0x08003e3e       0x2e Build/pid.o
                0x08003e3e                PID::setPID(float, float, float)
 .text._ZN3PID9setlimitsEff
                0x08003e6c        0xa Build/pid.o
                0x08003e6c                PID::setlimits(float, float)
 *fill*         0x08003e76        0x2 
 .text._ZN3PID10computePIDEff
                0x08003e78       0x90 Build/pid.o
                0x08003e78                PID::computePID(float, float)
 .text.__aeabi_atexit
                0x08003f08        0xa c:/program files (x86)/gnu tools arm embedded/7 2017-q4-major/bin/../lib/gcc/arm-none-eabi/7.2.1/../../../../arm-none-eabi/lib/thumb/v7e-m/fpv4-sp/hard\libstdc++_nano.a(atexit_arm.o)
                0x08003f08                __aeabi_atexit
 *fill*         0x08003f12        0x2 
 .text.__cxa_atexit
                0x08003f14       0x1c c:/program files (x86)/gnu tools arm embedded/7 2017-q4-major/bin/../lib/gcc/arm-none-eabi/7.2.1/../../../../arm-none-eabi/lib/thumb/v7e-m/fpv4-sp/hard\libc_nano.a(lib_a-cxa_atexit.o)
                0x08003f14                __cxa_atexit
 .text.__libc_init_array
                0x08003f30       0x48 c:/program files (x86)/gnu tools arm embedded/7 2017-q4-major/bin/../lib/gcc/arm-none-eabi/7.2.1/../../../../arm-none-eabi/lib/thumb/v7e-m/fpv4-sp/hard\libc_nano.a(lib_a-init.o)
                0x08003f30                __libc_init_array
 .text.memset   0x08003f78       0x10 c:/program files (x86)/gnu tools arm embedded/7 2017-q4-major/bin/../lib/gcc/arm-none-eabi/7.2.1/../../../../arm-none-eabi/lib/thumb/v7e-m/fpv4-sp/hard\libc_nano.a(lib_a-memset.o)
                0x08003f78                memset
 .text.__cvt    0x08003f88       0xc2 c:/program files (x86)/gnu tools arm embedded/7 2017-q4-major/bin/../lib/gcc/arm-none-eabi/7.2.1/../../../../arm-none-eabi/lib/thumb/v7e-m/fpv4-sp/hard\libc_nano.a(lib_a-nano-vfprintf_float.o)
                0x08003f88                __cvt
 .text.__exponent
                0x0800404a       0x66 c:/program files (x86)/gnu tools arm embedded/7 2017-q4-major/bin/../lib/gcc/arm-none-eabi/7.2.1/../../../../arm-none-eabi/lib/thumb/v7e-m/fpv4-sp/hard\libc_nano.a(lib_a-nano-vfprintf_float.o)
                0x0800404a                __exponent
 .text._printf_float
                0x080040b0      0x480 c:/program files (x86)/gnu tools arm embedded/7 2017-q4-major/bin/../lib/gcc/arm-none-eabi/7.2.1/../../../../arm-none-eabi/lib/thumb/v7e-m/fpv4-sp/hard\libc_nano.a(lib_a-nano-vfprintf_float.o)
                0x080040b0                _printf_float
 .text._printf_common
                0x08004530       0xea c:/program files (x86)/gnu tools arm embedded/7 2017-q4-major/bin/../lib/gcc/arm-none-eabi/7.2.1/../../../../arm-none-eabi/lib/thumb/v7e-m/fpv4-sp/hard\libc_nano.a(lib_a-nano-vfprintf_i.o)
                0x08004530                _printf_common
 *fill*         0x0800461a        0x2 
 .text._printf_i
                0x0800461c      0x224 c:/program files (x86)/gnu tools arm embedded/7 2017-q4-major/bin/../lib/gcc/arm-none-eabi/7.2.1/../../../../arm-none-eabi/lib/thumb/v7e-m/fpv4-sp/hard\libc_nano.a(lib_a-nano-vfprintf_i.o)
                0x0800461c                _printf_i
 .text.printf   0x08004840       0x30 c:/program files (x86)/gnu tools arm embedded/7 2017-q4-major/bin/../lib/gcc/arm-none-eabi/7.2.1/../../../../arm-none-eabi/lib/thumb/v7e-m/fpv4-sp/hard\libc_nano.a(lib_a-printf.o)
                0x08004840                iprintf
                0x08004840                printf
 .text.quorem   0x08004870      0x118 c:/program files (x86)/gnu tools arm embedded/7 2017-q4-major/bin/../lib/gcc/arm-none-eabi/7.2.1/../../../../arm-none-eabi/lib/thumb/v7e-m/fpv4-sp/hard\libc_nano.a(lib_a-dtoa.o)
 .text._dtoa_r  0x08004988      0xb70 c:/program files (x86)/gnu tools arm embedded/7 2017-q4-major/bin/../lib/gcc/arm-none-eabi/7.2.1/../../../../arm-none-eabi/lib/thumb/v7e-m/fpv4-sp/hard\libc_nano.a(lib_a-dtoa.o)
                0x08004988                _dtoa_r
 .text.std      0x080054f8       0x48 c:/program files (x86)/gnu tools arm embedded/7 2017-q4-major/bin/../lib/gcc/arm-none-eabi/7.2.1/../../../../arm-none-eabi/lib/thumb/v7e-m/fpv4-sp/hard\libc_nano.a(lib_a-findfp.o)
 .text._cleanup_r
                0x08005540        0xc c:/program files (x86)/gnu tools arm embedded/7 2017-q4-major/bin/../lib/gcc/arm-none-eabi/7.2.1/../../../../arm-none-eabi/lib/thumb/v7e-m/fpv4-sp/hard\libc_nano.a(lib_a-findfp.o)
                0x08005540                _cleanup_r
 .text.__sfmoreglue
                0x0800554c       0x2c c:/program files (x86)/gnu tools arm embedded/7 2017-q4-major/bin/../lib/gcc/arm-none-eabi/7.2.1/../../../../arm-none-eabi/lib/thumb/v7e-m/fpv4-sp/hard\libc_nano.a(lib_a-findfp.o)
                0x0800554c                __sfmoreglue
 .text.__sinit  0x08005578       0x60 c:/program files (x86)/gnu tools arm embedded/7 2017-q4-major/bin/../lib/gcc/arm-none-eabi/7.2.1/../../../../arm-none-eabi/lib/thumb/v7e-m/fpv4-sp/hard\libc_nano.a(lib_a-findfp.o)
                0x08005578                __sinit
 .text.__sfp    0x080055d8       0x78 c:/program files (x86)/gnu tools arm embedded/7 2017-q4-major/bin/../lib/gcc/arm-none-eabi/7.2.1/../../../../arm-none-eabi/lib/thumb/v7e-m/fpv4-sp/hard\libc_nano.a(lib_a-findfp.o)
                0x080055d8                __sfp
 .text._fwalk_reent
                0x08005650       0x3c c:/program files (x86)/gnu tools arm embedded/7 2017-q4-major/bin/../lib/gcc/arm-none-eabi/7.2.1/../../../../arm-none-eabi/lib/thumb/v7e-m/fpv4-sp/hard\libc_nano.a(lib_a-fwalk.o)
                0x08005650                _fwalk_reent
 .text._localeconv_r
                0x0800568c       0x1c c:/program files (x86)/gnu tools arm embedded/7 2017-q4-major/bin/../lib/gcc/arm-none-eabi/7.2.1/../../../../arm-none-eabi/lib/thumb/v7e-m/fpv4-sp/hard\libc_nano.a(lib_a-localeconv.o)
                0x0800568c                _localeconv_r
 .text.malloc   0x080056a8       0x10 c:/program files (x86)/gnu tools arm embedded/7 2017-q4-major/bin/../lib/gcc/arm-none-eabi/7.2.1/../../../../arm-none-eabi/lib/thumb/v7e-m/fpv4-sp/hard\libc_nano.a(lib_a-malloc.o)
                0x080056a8                malloc
 .text.memcpy   0x080056b8       0x16 c:/program files (x86)/gnu tools arm embedded/7 2017-q4-major/bin/../lib/gcc/arm-none-eabi/7.2.1/../../../../arm-none-eabi/lib/thumb/v7e-m/fpv4-sp/hard\libc_nano.a(lib_a-memcpy-stub.o)
                0x080056b8                memcpy
 .text._Balloc  0x080056ce       0x68 c:/program files (x86)/gnu tools arm embedded/7 2017-q4-major/bin/../lib/gcc/arm-none-eabi/7.2.1/../../../../arm-none-eabi/lib/thumb/v7e-m/fpv4-sp/hard\libc_nano.a(lib_a-mprec.o)
                0x080056ce                _Balloc
 .text._Bfree   0x08005736       0x2e c:/program files (x86)/gnu tools arm embedded/7 2017-q4-major/bin/../lib/gcc/arm-none-eabi/7.2.1/../../../../arm-none-eabi/lib/thumb/v7e-m/fpv4-sp/hard\libc_nano.a(lib_a-mprec.o)
                0x08005736                _Bfree
 .text.__multadd
                0x08005764       0x76 c:/program files (x86)/gnu tools arm embedded/7 2017-q4-major/bin/../lib/gcc/arm-none-eabi/7.2.1/../../../../arm-none-eabi/lib/thumb/v7e-m/fpv4-sp/hard\libc_nano.a(lib_a-mprec.o)
                0x08005764                __multadd
 .text.__hi0bits
                0x080057da       0x3e c:/program files (x86)/gnu tools arm embedded/7 2017-q4-major/bin/../lib/gcc/arm-none-eabi/7.2.1/../../../../arm-none-eabi/lib/thumb/v7e-m/fpv4-sp/hard\libc_nano.a(lib_a-mprec.o)
                0x080057da                __hi0bits
 .text.__lo0bits
                0x08005818       0x5e c:/program files (x86)/gnu tools arm embedded/7 2017-q4-major/bin/../lib/gcc/arm-none-eabi/7.2.1/../../../../arm-none-eabi/lib/thumb/v7e-m/fpv4-sp/hard\libc_nano.a(lib_a-mprec.o)
                0x08005818                __lo0bits
 .text.__i2b    0x08005876       0x12 c:/program files (x86)/gnu tools arm embedded/7 2017-q4-major/bin/../lib/gcc/arm-none-eabi/7.2.1/../../../../arm-none-eabi/lib/thumb/v7e-m/fpv4-sp/hard\libc_nano.a(lib_a-mprec.o)
                0x08005876                __i2b
 .text.__multiply
                0x08005888      0x12c c:/program files (x86)/gnu tools arm embedded/7 2017-q4-major/bin/../lib/gcc/arm-none-eabi/7.2.1/../../../../arm-none-eabi/lib/thumb/v7e-m/fpv4-sp/hard\libc_nano.a(lib_a-mprec.o)
                0x08005888                __multiply
 .text.__pow5mult
                0x080059b4       0x9c c:/program files (x86)/gnu tools arm embedded/7 2017-q4-major/bin/../lib/gcc/arm-none-eabi/7.2.1/../../../../arm-none-eabi/lib/thumb/v7e-m/fpv4-sp/hard\libc_nano.a(lib_a-mprec.o)
                0x080059b4                __pow5mult
 .text.__lshift
                0x08005a50       0xa8 c:/program files (x86)/gnu tools arm embedded/7 2017-q4-major/bin/../lib/gcc/arm-none-eabi/7.2.1/../../../../arm-none-eabi/lib/thumb/v7e-m/fpv4-sp/hard\libc_nano.a(lib_a-mprec.o)
                0x08005a50                __lshift
 .text.__mcmp   0x08005af8       0x34 c:/program files (x86)/gnu tools arm embedded/7 2017-q4-major/bin/../lib/gcc/arm-none-eabi/7.2.1/../../../../arm-none-eabi/lib/thumb/v7e-m/fpv4-sp/hard\libc_nano.a(lib_a-mprec.o)
                0x08005af8                __mcmp
 .text.__mdiff  0x08005b2c       0xba c:/program files (x86)/gnu tools arm embedded/7 2017-q4-major/bin/../lib/gcc/arm-none-eabi/7.2.1/../../../../arm-none-eabi/lib/thumb/v7e-m/fpv4-sp/hard\libc_nano.a(lib_a-mprec.o)
                0x08005b2c                __mdiff
 .text.__d2b    0x08005be6       0x9e c:/program files (x86)/gnu tools arm embedded/7 2017-q4-major/bin/../lib/gcc/arm-none-eabi/7.2.1/../../../../arm-none-eabi/lib/thumb/v7e-m/fpv4-sp/hard\libc_nano.a(lib_a-mprec.o)
                0x08005be6                __d2b
 .text._calloc_r
                0x08005c84       0x1c c:/program files (x86)/gnu tools arm embedded/7 2017-q4-major/bin/../lib/gcc/arm-none-eabi/7.2.1/../../../../arm-none-eabi/lib/thumb/v7e-m/fpv4-sp/hard\libc_nano.a(lib_a-nano-callocr.o)
                0x08005c84                _calloc_r
 .text._free_r  0x08005ca0       0x9c c:/program files (x86)/gnu tools arm embedded/7 2017-q4-major/bin/../lib/gcc/arm-none-eabi/7.2.1/../../../../arm-none-eabi/lib/thumb/v7e-m/fpv4-sp/hard\libc_nano.a(lib_a-nano-freer.o)
                0x08005ca0                _free_r
 .text._malloc_r
                0x08005d3c       0xb4 c:/program files (x86)/gnu tools arm embedded/7 2017-q4-major/bin/../lib/gcc/arm-none-eabi/7.2.1/../../../../arm-none-eabi/lib/thumb/v7e-m/fpv4-sp/hard\libc_nano.a(lib_a-nano-mallocr.o)
                0x08005d3c                _malloc_r
 .text.__sfputc_r
                0x08005df0       0x2e c:/program files (x86)/gnu tools arm embedded/7 2017-q4-major/bin/../lib/gcc/arm-none-eabi/7.2.1/../../../../arm-none-eabi/lib/thumb/v7e-m/fpv4-sp/hard\libc_nano.a(lib_a-nano-vfprintf.o)
 .text.__sfputs_r
                0x08005e1e       0x24 c:/program files (x86)/gnu tools arm embedded/7 2017-q4-major/bin/../lib/gcc/arm-none-eabi/7.2.1/../../../../arm-none-eabi/lib/thumb/v7e-m/fpv4-sp/hard\libc_nano.a(lib_a-nano-vfprintf.o)
                0x08005e1e                __sfputs_r
 *fill*         0x08005e42        0x2 
 .text._vfprintf_r
                0x08005e44      0x228 c:/program files (x86)/gnu tools arm embedded/7 2017-q4-major/bin/../lib/gcc/arm-none-eabi/7.2.1/../../../../arm-none-eabi/lib/thumb/v7e-m/fpv4-sp/hard\libc_nano.a(lib_a-nano-vfprintf.o)
                0x08005e44                _vfprintf_r
                0x08005e44                _vfiprintf_r
 .text._sbrk_r  0x0800606c       0x20 c:/program files (x86)/gnu tools arm embedded/7 2017-q4-major/bin/../lib/gcc/arm-none-eabi/7.2.1/../../../../arm-none-eabi/lib/thumb/v7e-m/fpv4-sp/hard\libc_nano.a(lib_a-sbrkr.o)
                0x0800606c                _sbrk_r
 .text.__sread  0x0800608c       0x22 c:/program files (x86)/gnu tools arm embedded/7 2017-q4-major/bin/../lib/gcc/arm-none-eabi/7.2.1/../../../../arm-none-eabi/lib/thumb/v7e-m/fpv4-sp/hard\libc_nano.a(lib_a-stdio.o)
                0x0800608c                __sread
 .text.__swrite
                0x080060ae       0x38 c:/program files (x86)/gnu tools arm embedded/7 2017-q4-major/bin/../lib/gcc/arm-none-eabi/7.2.1/../../../../arm-none-eabi/lib/thumb/v7e-m/fpv4-sp/hard\libc_nano.a(lib_a-stdio.o)
                0x080060ae                __swrite
 .text.__sseek  0x080060e6       0x24 c:/program files (x86)/gnu tools arm embedded/7 2017-q4-major/bin/../lib/gcc/arm-none-eabi/7.2.1/../../../../arm-none-eabi/lib/thumb/v7e-m/fpv4-sp/hard\libc_nano.a(lib_a-stdio.o)
                0x080060e6                __sseek
 .text.__sclose
                0x0800610a        0x8 c:/program files (x86)/gnu tools arm embedded/7 2017-q4-major/bin/../lib/gcc/arm-none-eabi/7.2.1/../../../../arm-none-eabi/lib/thumb/v7e-m/fpv4-sp/hard\libc_nano.a(lib_a-stdio.o)
                0x0800610a                __sclose
 *fill*         0x08006112        0x2 
 .text.__swbuf_r
                0x08006114       0xa4 c:/program files (x86)/gnu tools arm embedded/7 2017-q4-major/bin/../lib/gcc/arm-none-eabi/7.2.1/../../../../arm-none-eabi/lib/thumb/v7e-m/fpv4-sp/hard\libc_nano.a(lib_a-wbuf.o)
                0x08006114                __swbuf_r
 .text._write_r
                0x080061b8       0x24 c:/program files (x86)/gnu tools arm embedded/7 2017-q4-major/bin/../lib/gcc/arm-none-eabi/7.2.1/../../../../arm-none-eabi/lib/thumb/v7e-m/fpv4-sp/hard\libc_nano.a(lib_a-writer.o)
                0x080061b8                _write_r
 .text.__swsetup_r
                0x080061dc       0xdc c:/program files (x86)/gnu tools arm embedded/7 2017-q4-major/bin/../lib/gcc/arm-none-eabi/7.2.1/../../../../arm-none-eabi/lib/thumb/v7e-m/fpv4-sp/hard\libc_nano.a(lib_a-wsetup.o)
                0x080061dc                __swsetup_r
 .text._close_r
                0x080062b8       0x20 c:/program files (x86)/gnu tools arm embedded/7 2017-q4-major/bin/../lib/gcc/arm-none-eabi/7.2.1/../../../../arm-none-eabi/lib/thumb/v7e-m/fpv4-sp/hard\libc_nano.a(lib_a-closer.o)
                0x080062b8                _close_r
 .text.__sflush_r
                0x080062d8      0x10c c:/program files (x86)/gnu tools arm embedded/7 2017-q4-major/bin/../lib/gcc/arm-none-eabi/7.2.1/../../../../arm-none-eabi/lib/thumb/v7e-m/fpv4-sp/hard\libc_nano.a(lib_a-fflush.o)
                0x080062d8                __sflush_r
 .text._fflush_r
                0x080063e4       0x54 c:/program files (x86)/gnu tools arm embedded/7 2017-q4-major/bin/../lib/gcc/arm-none-eabi/7.2.1/../../../../arm-none-eabi/lib/thumb/v7e-m/fpv4-sp/hard\libc_nano.a(lib_a-fflush.o)
                0x080063e4                _fflush_r
 .text._lseek_r
                0x08006438       0x24 c:/program files (x86)/gnu tools arm embedded/7 2017-q4-major/bin/../lib/gcc/arm-none-eabi/7.2.1/../../../../arm-none-eabi/lib/thumb/v7e-m/fpv4-sp/hard\libc_nano.a(lib_a-lseekr.o)
                0x08006438                _lseek_r
 .text.__swhatbuf_r
                0x0800645c       0x48 c:/program files (x86)/gnu tools arm embedded/7 2017-q4-major/bin/../lib/gcc/arm-none-eabi/7.2.1/../../../../arm-none-eabi/lib/thumb/v7e-m/fpv4-sp/hard\libc_nano.a(lib_a-makebuf.o)
                0x0800645c                __swhatbuf_r
 .text.__smakebuf_r
                0x080064a4       0x80 c:/program files (x86)/gnu tools arm embedded/7 2017-q4-major/bin/../lib/gcc/arm-none-eabi/7.2.1/../../../../arm-none-eabi/lib/thumb/v7e-m/fpv4-sp/hard\libc_nano.a(lib_a-makebuf.o)
                0x080064a4                __smakebuf_r
 .text.__ascii_mbtowc
                0x08006524       0x24 c:/program files (x86)/gnu tools arm embedded/7 2017-q4-major/bin/../lib/gcc/arm-none-eabi/7.2.1/../../../../arm-none-eabi/lib/thumb/v7e-m/fpv4-sp/hard\libc_nano.a(lib_a-mbtowc_r.o)
                0x08006524                __ascii_mbtowc
 .text.__malloc_lock
                0x08006548        0x2 c:/program files (x86)/gnu tools arm embedded/7 2017-q4-major/bin/../lib/gcc/arm-none-eabi/7.2.1/../../../../arm-none-eabi/lib/thumb/v7e-m/fpv4-sp/hard\libc_nano.a(lib_a-mlock.o)
                0x08006548                __malloc_lock
 .text.__malloc_unlock
                0x0800654a        0x2 c:/program files (x86)/gnu tools arm embedded/7 2017-q4-major/bin/../lib/gcc/arm-none-eabi/7.2.1/../../../../arm-none-eabi/lib/thumb/v7e-m/fpv4-sp/hard\libc_nano.a(lib_a-mlock.o)
                0x0800654a                __malloc_unlock
 .text._read_r  0x0800654c       0x24 c:/program files (x86)/gnu tools arm embedded/7 2017-q4-major/bin/../lib/gcc/arm-none-eabi/7.2.1/../../../../arm-none-eabi/lib/thumb/v7e-m/fpv4-sp/hard\libc_nano.a(lib_a-readr.o)
                0x0800654c                _read_r
 .text.__ascii_wctomb
                0x08006570       0x1a c:/program files (x86)/gnu tools arm embedded/7 2017-q4-major/bin/../lib/gcc/arm-none-eabi/7.2.1/../../../../arm-none-eabi/lib/thumb/v7e-m/fpv4-sp/hard\libc_nano.a(lib_a-wctomb_r.o)
                0x08006570                __ascii_wctomb
 *fill*         0x0800658a        0x2 
 .text._fstat_r
                0x0800658c       0x24 c:/program files (x86)/gnu tools arm embedded/7 2017-q4-major/bin/../lib/gcc/arm-none-eabi/7.2.1/../../../../arm-none-eabi/lib/thumb/v7e-m/fpv4-sp/hard\libc_nano.a(lib_a-fstatr.o)
                0x0800658c                _fstat_r
 .text._isatty_r
                0x080065b0       0x20 c:/program files (x86)/gnu tools arm embedded/7 2017-q4-major/bin/../lib/gcc/arm-none-eabi/7.2.1/../../../../arm-none-eabi/lib/thumb/v7e-m/fpv4-sp/hard\libc_nano.a(lib_a-isattyr.o)
                0x080065b0                _isatty_r
 .text._close   0x080065d0       0x10 c:/program files (x86)/gnu tools arm embedded/7 2017-q4-major/bin/../lib/gcc/arm-none-eabi/7.2.1/../../../../arm-none-eabi/lib/thumb/v7e-m/fpv4-sp/hard\libnosys.a(close.o)
                0x080065d0                _close
 .text._fstat   0x080065e0       0x10 c:/program files (x86)/gnu tools arm embedded/7 2017-q4-major/bin/../lib/gcc/arm-none-eabi/7.2.1/../../../../arm-none-eabi/lib/thumb/v7e-m/fpv4-sp/hard\libnosys.a(fstat.o)
                0x080065e0                _fstat
 .text._isatty  0x080065f0       0x10 c:/program files (x86)/gnu tools arm embedded/7 2017-q4-major/bin/../lib/gcc/arm-none-eabi/7.2.1/../../../../arm-none-eabi/lib/thumb/v7e-m/fpv4-sp/hard\libnosys.a(isatty.o)
                0x080065f0                _isatty
 .text._lseek   0x08006600       0x10 c:/program files (x86)/gnu tools arm embedded/7 2017-q4-major/bin/../lib/gcc/arm-none-eabi/7.2.1/../../../../arm-none-eabi/lib/thumb/v7e-m/fpv4-sp/hard\libnosys.a(lseek.o)
                0x08006600                _lseek
 .text._read    0x08006610       0x10 c:/program files (x86)/gnu tools arm embedded/7 2017-q4-major/bin/../lib/gcc/arm-none-eabi/7.2.1/../../../../arm-none-eabi/lib/thumb/v7e-m/fpv4-sp/hard\libnosys.a(read.o)
                0x08006610                _read
 .text._sbrk    0x08006620       0x1c c:/program files (x86)/gnu tools arm embedded/7 2017-q4-major/bin/../lib/gcc/arm-none-eabi/7.2.1/../../../../arm-none-eabi/lib/thumb/v7e-m/fpv4-sp/hard\libnosys.a(sbrk.o)
                0x08006620                _sbrk
 *(.glue_7)
 .glue_7        0x0800663c        0x0 linker stubs
 *(.glue_7t)
 .glue_7t       0x0800663c        0x0 linker stubs
 *(.eh_frame)
 .eh_frame      0x0800663c        0x0 c:/program files (x86)/gnu tools arm embedded/7 2017-q4-major/bin/../lib/gcc/arm-none-eabi/7.2.1/thumb/v7e-m/fpv4-sp/hard/crtbegin.o
 *(.init)
 .init          0x0800663c        0x4 c:/program files (x86)/gnu tools arm embedded/7 2017-q4-major/bin/../lib/gcc/arm-none-eabi/7.2.1/thumb/v7e-m/fpv4-sp/hard/crti.o
                0x0800663c                _init
 .init          0x08006640        0x8 c:/program files (x86)/gnu tools arm embedded/7 2017-q4-major/bin/../lib/gcc/arm-none-eabi/7.2.1/thumb/v7e-m/fpv4-sp/hard/crtn.o
 *(.fini)
 .fini          0x08006648        0x4 c:/program files (x86)/gnu tools arm embedded/7 2017-q4-major/bin/../lib/gcc/arm-none-eabi/7.2.1/thumb/v7e-m/fpv4-sp/hard/crti.o
                0x08006648                _fini
 .fini          0x0800664c        0x8 c:/program files (x86)/gnu tools arm embedded/7 2017-q4-major/bin/../lib/gcc/arm-none-eabi/7.2.1/thumb/v7e-m/fpv4-sp/hard/crtn.o
                0x08006654                . = ALIGN (0x4)
                0x08006654                _etext = .

.vfp11_veneer   0x08006654        0x0
 .vfp11_veneer  0x08006654        0x0 linker stubs

.v4_bx          0x08006654        0x0
 .v4_bx         0x08006654        0x0 linker stubs

.iplt           0x08006654        0x0
 .iplt          0x08006654        0x0 c:/program files (x86)/gnu tools arm embedded/7 2017-q4-major/bin/../lib/gcc/arm-none-eabi/7.2.1/thumb/v7e-m/fpv4-sp/hard/crtbegin.o

.rodata         0x08006658      0x370
                0x08006658                . = ALIGN (0x4)
 *(.rodata)
 .rodata        0x08006658       0x30 Build/actuator.o
 *(.rodata*)
 .rodata.flagBitshiftOffset.8119
                0x08006688        0x8 Build/stm32f4xx_hal_dma.o
 .rodata.AHBPrescTable
                0x08006690       0x10 Build/system_stm32f4xx.o
                0x08006690                AHBPrescTable
 .rodata.APBPrescTable
                0x080066a0        0x8 Build/system_stm32f4xx.o
                0x080066a0                APBPrescTable
 .rodata._Z24calculate_wheel_velocityv.str1.4
                0x080066a8       0x18 Build/actuator.o
 .rodata._ZN5motor11motor_inputEff.str1.4
                0x080066c0       0x40 Build/motor.o
 .rodata._Z10Robot_taskv.str1.4
                0x08006700        0x8 Build/joystick.o
                                  0x5 (size before relaxing)
 .rodata._global_impure_ptr
                0x08006708        0x4 c:/program files (x86)/gnu tools arm embedded/7 2017-q4-major/bin/../lib/gcc/arm-none-eabi/7.2.1/../../../../arm-none-eabi/lib/thumb/v7e-m/fpv4-sp/hard\libc_nano.a(lib_a-impure.o)
                0x08006708                _global_impure_ptr
 .rodata._printf_float.str1.1
                0x0800670c       0x12 c:/program files (x86)/gnu tools arm embedded/7 2017-q4-major/bin/../lib/gcc/arm-none-eabi/7.2.1/../../../../arm-none-eabi/lib/thumb/v7e-m/fpv4-sp/hard\libc_nano.a(lib_a-nano-vfprintf_float.o)
 .rodata._printf_i.str1.1
                0x0800671e       0x22 c:/program files (x86)/gnu tools arm embedded/7 2017-q4-major/bin/../lib/gcc/arm-none-eabi/7.2.1/../../../../arm-none-eabi/lib/thumb/v7e-m/fpv4-sp/hard\libc_nano.a(lib_a-nano-vfprintf_i.o)
 .rodata._dtoa_r.str1.1
                0x08006740        0xd c:/program files (x86)/gnu tools arm embedded/7 2017-q4-major/bin/../lib/gcc/arm-none-eabi/7.2.1/../../../../arm-none-eabi/lib/thumb/v7e-m/fpv4-sp/hard\libc_nano.a(lib_a-dtoa.o)
                                  0xf (size before relaxing)
 *fill*         0x0800674d        0x3 
 .rodata.__sf_fake_stderr
                0x08006750       0x20 c:/program files (x86)/gnu tools arm embedded/7 2017-q4-major/bin/../lib/gcc/arm-none-eabi/7.2.1/../../../../arm-none-eabi/lib/thumb/v7e-m/fpv4-sp/hard\libc_nano.a(lib_a-findfp.o)
                0x08006750                __sf_fake_stderr
 .rodata.__sf_fake_stdin
                0x08006770       0x20 c:/program files (x86)/gnu tools arm embedded/7 2017-q4-major/bin/../lib/gcc/arm-none-eabi/7.2.1/../../../../arm-none-eabi/lib/thumb/v7e-m/fpv4-sp/hard\libc_nano.a(lib_a-findfp.o)
                0x08006770                __sf_fake_stdin
 .rodata.__sf_fake_stdout
                0x08006790       0x20 c:/program files (x86)/gnu tools arm embedded/7 2017-q4-major/bin/../lib/gcc/arm-none-eabi/7.2.1/../../../../arm-none-eabi/lib/thumb/v7e-m/fpv4-sp/hard\libc_nano.a(lib_a-findfp.o)
                0x08006790                __sf_fake_stdout
 .rodata.__mprec_bigtens
                0x080067b0       0x28 c:/program files (x86)/gnu tools arm embedded/7 2017-q4-major/bin/../lib/gcc/arm-none-eabi/7.2.1/../../../../arm-none-eabi/lib/thumb/v7e-m/fpv4-sp/hard\libc_nano.a(lib_a-mprec.o)
                0x080067b0                __mprec_bigtens
 .rodata.__mprec_tens
                0x080067d8       0xc8 c:/program files (x86)/gnu tools arm embedded/7 2017-q4-major/bin/../lib/gcc/arm-none-eabi/7.2.1/../../../../arm-none-eabi/lib/thumb/v7e-m/fpv4-sp/hard\libc_nano.a(lib_a-mprec.o)
                0x080067d8                __mprec_tens
 .rodata.p05.7359
                0x080068a0        0xc c:/program files (x86)/gnu tools arm embedded/7 2017-q4-major/bin/../lib/gcc/arm-none-eabi/7.2.1/../../../../arm-none-eabi/lib/thumb/v7e-m/fpv4-sp/hard\libc_nano.a(lib_a-mprec.o)
 .rodata._vfprintf_r.str1.1
                0x080068ac       0x11 c:/program files (x86)/gnu tools arm embedded/7 2017-q4-major/bin/../lib/gcc/arm-none-eabi/7.2.1/../../../../arm-none-eabi/lib/thumb/v7e-m/fpv4-sp/hard\libc_nano.a(lib_a-nano-vfprintf.o)
 .rodata._setlocale_r.str1.1
                0x080068bd        0x8 c:/program files (x86)/gnu tools arm embedded/7 2017-q4-major/bin/../lib/gcc/arm-none-eabi/7.2.1/../../../../arm-none-eabi/lib/thumb/v7e-m/fpv4-sp/hard\libc_nano.a(lib_a-locale.o)
                                  0x9 (size before relaxing)
 .rodata.str1.1
                0x080068c5        0x2 c:/program files (x86)/gnu tools arm embedded/7 2017-q4-major/bin/../lib/gcc/arm-none-eabi/7.2.1/../../../../arm-none-eabi/lib/thumb/v7e-m/fpv4-sp/hard\libc_nano.a(lib_a-locale.o)
 .rodata._ctype_
                0x080068c7      0x101 c:/program files (x86)/gnu tools arm embedded/7 2017-q4-major/bin/../lib/gcc/arm-none-eabi/7.2.1/../../../../arm-none-eabi/lib/thumb/v7e-m/fpv4-sp/hard\libc_nano.a(lib_a-ctype_.o)
                0x080068c7                _ctype_
                0x080069c8                . = ALIGN (0x4)

.ARM.extab
 *(.ARM.extab* .gnu.linkonce.armextab.*)

.ARM            0x080069c8        0x8
                0x080069c8                __exidx_start = .
 *(.ARM.exidx*)
 .ARM.exidx     0x080069c8        0x8 c:/program files (x86)/gnu tools arm embedded/7 2017-q4-major/bin/../lib/gcc/arm-none-eabi/7.2.1/thumb/v7e-m/fpv4-sp/hard\libgcc.a(_udivmoddi4.o)
                0x080069d0                __exidx_end = .

.rel.dyn        0x080069d0        0x0
 .rel.iplt      0x080069d0        0x0 c:/program files (x86)/gnu tools arm embedded/7 2017-q4-major/bin/../lib/gcc/arm-none-eabi/7.2.1/thumb/v7e-m/fpv4-sp/hard/crtbegin.o

.preinit_array  0x080069d0        0x0
                0x080069d0                PROVIDE (__preinit_array_start, .)
 *(.preinit_array*)
                0x080069d0                PROVIDE (__preinit_array_end, .)

.init_array     0x080069d0       0x10
                0x080069d0                PROVIDE (__init_array_start, .)
 *(SORT_BY_NAME(.init_array.*))
 *(.init_array*)
 .init_array    0x080069d0        0x4 c:/program files (x86)/gnu tools arm embedded/7 2017-q4-major/bin/../lib/gcc/arm-none-eabi/7.2.1/thumb/v7e-m/fpv4-sp/hard/crtbegin.o
 .init_array    0x080069d4        0x4 Build/actuator.o
 .init_array    0x080069d8        0x4 Build/robo_init.o
 .init_array    0x080069dc        0x4 Build/encoder.o
                0x080069e0                PROVIDE (__init_array_end, .)

.fini_array     0x080069e0        0x4
                [!provide]                PROVIDE (__fini_array_start, .)
 *(SORT_BY_NAME(.fini_array.*))
 *(.fini_array*)
 .fini_array    0x080069e0        0x4 c:/program files (x86)/gnu tools arm embedded/7 2017-q4-major/bin/../lib/gcc/arm-none-eabi/7.2.1/thumb/v7e-m/fpv4-sp/hard/crtbegin.o
                [!provide]                PROVIDE (__fini_array_end, .)
                0x080069e4                _sidata = LOADADDR (.data)

.data           0x20000000      0x1e4 load address 0x080069e4
                0x20000000                . = ALIGN (0x4)
                0x20000000                _sdata = .
 *(.data)
 .data          0x20000000        0x4 c:/program files (x86)/gnu tools arm embedded/7 2017-q4-major/bin/../lib/gcc/arm-none-eabi/7.2.1/thumb/v7e-m/fpv4-sp/hard/crtbegin.o
                0x20000000                __dso_handle
 *(.data*)
 .data.uwTickFreq
                0x20000004        0x1 Build/stm32f4xx_hal.o
                0x20000004                uwTickFreq
 *fill*         0x20000005        0x3 
 .data.uwTickPrio
                0x20000008        0x4 Build/stm32f4xx_hal.o
                0x20000008                uwTickPrio
 .data.SystemCoreClock
                0x2000000c        0x4 Build/system_stm32f4xx.o
                0x2000000c                SystemCoreClock
 .data.velocity
                0x20000010        0x4 Build/actuator.o
                0x20000010                velocity
 .data._impure_ptr
                0x20000014        0x4 c:/program files (x86)/gnu tools arm embedded/7 2017-q4-major/bin/../lib/gcc/arm-none-eabi/7.2.1/../../../../arm-none-eabi/lib/thumb/v7e-m/fpv4-sp/hard\libc_nano.a(lib_a-impure.o)
                0x20000014                _impure_ptr
 .data.impure_data
                0x20000018       0x60 c:/program files (x86)/gnu tools arm embedded/7 2017-q4-major/bin/../lib/gcc/arm-none-eabi/7.2.1/../../../../arm-none-eabi/lib/thumb/v7e-m/fpv4-sp/hard\libc_nano.a(lib_a-impure.o)
 .data.__global_locale
                0x20000078      0x16c c:/program files (x86)/gnu tools arm embedded/7 2017-q4-major/bin/../lib/gcc/arm-none-eabi/7.2.1/../../../../arm-none-eabi/lib/thumb/v7e-m/fpv4-sp/hard\libc_nano.a(lib_a-locale.o)
                0x20000078                __global_locale
                0x200001e4                . = ALIGN (0x4)
                0x200001e4                _edata = .
                0x08006bc8                _siccmram = LOADADDR (.ccmram)

.igot.plt       0x200001e4        0x0 load address 0x08006bc8
 .igot.plt      0x200001e4        0x0 c:/program files (x86)/gnu tools arm embedded/7 2017-q4-major/bin/../lib/gcc/arm-none-eabi/7.2.1/thumb/v7e-m/fpv4-sp/hard/crtbegin.o

.ccmram         0x10000000        0x0 load address 0x08006bc8
                0x10000000                . = ALIGN (0x4)
                0x10000000                _sccmram = .
 *(.ccmram)
 *(.ccmram*)
                0x10000000                . = ALIGN (0x4)
                0x10000000                _eccmram = .
                0x10000000                . = ALIGN (0x4)

.bss            0x200001e4      0x3d8
                0x200001e4                _sbss = .
                0x200001e4                __bss_start__ = _sbss
 *(.bss)
 .bss           0x200001e4       0x1c c:/program files (x86)/gnu tools arm embedded/7 2017-q4-major/bin/../lib/gcc/arm-none-eabi/7.2.1/thumb/v7e-m/fpv4-sp/hard/crtbegin.o
 *(.bss*)
 .bss._ZL14velocity_robot
                0x20000200        0xc Build/actuator.o
 .bss.time      0x2000020c        0x4 Build/actuator.o
                0x2000020c                time
 .bss._ZL20motor_configurations
                0x20000210       0x80 Build/robo_init.o
 .bss.gMotor    0x20000290       0x60 Build/robo_init.o
                0x20000290                gMotor
 .bss._ZL14encoder_config
                0x200002f0       0x30 Build/encoder.o
 .bss.iError    0x20000320        0x4 Build/pid.o
                0x20000320                iError
 .bss.lastError
                0x20000324        0x4 Build/pid.o
                0x20000324                lastError
 .bss.__malloc_free_list
                0x20000328        0x4 c:/program files (x86)/gnu tools arm embedded/7 2017-q4-major/bin/../lib/gcc/arm-none-eabi/7.2.1/../../../../arm-none-eabi/lib/thumb/v7e-m/fpv4-sp/hard\libc_nano.a(lib_a-nano-mallocr.o)
                0x20000328                __malloc_free_list
 .bss.__malloc_sbrk_start
                0x2000032c        0x4 c:/program files (x86)/gnu tools arm embedded/7 2017-q4-major/bin/../lib/gcc/arm-none-eabi/7.2.1/../../../../arm-none-eabi/lib/thumb/v7e-m/fpv4-sp/hard\libc_nano.a(lib_a-nano-mallocr.o)
                0x2000032c                __malloc_sbrk_start
 .bss.heap_end.5377
                0x20000330        0x4 c:/program files (x86)/gnu tools arm embedded/7 2017-q4-major/bin/../lib/gcc/arm-none-eabi/7.2.1/../../../../arm-none-eabi/lib/thumb/v7e-m/fpv4-sp/hard\libnosys.a(sbrk.o)
 *(COMMON)
 COMMON         0x20000334      0x140 Build/tim.o
                0x20000334                htim8
                0x20000374                htim4
                0x200003b4                htim3
                0x200003f4                htim1
                0x20000434                htim2
 COMMON         0x20000474      0x140 Build/usart.o
                0x20000474                hdma_usart2_rx
                0x200004d4                huart4
                0x20000514                huart2
                0x20000554                hdma_uart4_tx
 COMMON         0x200005b4        0x4 Build/stm32f4xx_hal.o
                0x200005b4                uwTick
 COMMON         0x200005b8        0x4 c:/program files (x86)/gnu tools arm embedded/7 2017-q4-major/bin/../lib/gcc/arm-none-eabi/7.2.1/../../../../arm-none-eabi/lib/thumb/v7e-m/fpv4-sp/hard\libc_nano.a(lib_a-reent.o)
                0x200005b8                errno
                0x200005bc                . = ALIGN (0x4)
                0x200005bc                _ebss = .
                0x200005bc                __bss_end__ = _ebss

._user_heap_stack
                0x200005bc      0x604
                0x200005c0                . = ALIGN (0x8)
 *fill*         0x200005bc        0x4 
                0x200005c0                PROVIDE (end, .)
                [!provide]                PROVIDE (_end, .)
                0x200007c0                . = (. + _Min_Heap_Size)
 *fill*         0x200005c0      0x200 
                0x20000bc0                . = (. + _Min_Stack_Size)
 *fill*         0x200007c0      0x400 
                0x20000bc0                . = ALIGN (0x8)

/DISCARD/
 libc.a(*)
 libm.a(*)
 libgcc.a(*)

.ARM.attributes
                0x00000000       0x30
 *(.ARM.attributes)
 .ARM.attributes
                0x00000000       0x22 c:/program files (x86)/gnu tools arm embedded/7 2017-q4-major/bin/../lib/gcc/arm-none-eabi/7.2.1/thumb/v7e-m/fpv4-sp/hard/crti.o
 .ARM.attributes
                0x00000022       0x34 c:/program files (x86)/gnu tools arm embedded/7 2017-q4-major/bin/../lib/gcc/arm-none-eabi/7.2.1/thumb/v7e-m/fpv4-sp/hard/crtbegin.o
 .ARM.attributes
                0x00000056       0x39 Build/printf_config.o
 .ARM.attributes
                0x0000008f       0x39 Build/gpio.o
 .ARM.attributes
                0x000000c8       0x39 Build/tim.o
 .ARM.attributes
                0x00000101       0x39 Build/usart.o
 .ARM.attributes
                0x0000013a       0x39 Build/stm32f4xx_it.o
 .ARM.attributes
                0x00000173       0x39 Build/stm32f4xx_hal_msp.o
 .ARM.attributes
                0x000001ac       0x39 Build/stm32f4xx_hal_tim.o
 .ARM.attributes
                0x000001e5       0x39 Build/stm32f4xx_hal_tim_ex.o
 .ARM.attributes
                0x0000021e       0x39 Build/stm32f4xx_hal_uart.o
 .ARM.attributes
                0x00000257       0x39 Build/stm32f4xx_hal_rcc.o
 .ARM.attributes
                0x00000290       0x39 Build/stm32f4xx_hal_gpio.o
 .ARM.attributes
                0x000002c9       0x39 Build/stm32f4xx_hal_dma.o
 .ARM.attributes
                0x00000302       0x39 Build/stm32f4xx_hal_cortex.o
 .ARM.attributes
                0x0000033b       0x39 Build/stm32f4xx_hal.o
 .ARM.attributes
                0x00000374       0x39 Build/system_stm32f4xx.o
 .ARM.attributes
                0x000003ad       0x39 Build/dma.o
 .ARM.attributes
                0x000003e6       0x21 Build/startup_stm32f407xx.o
 .ARM.attributes
                0x00000407       0x39 Build/actuator.o
 .ARM.attributes
                0x00000440       0x39 Build/motor.o
 .ARM.attributes
                0x00000479       0x39 Build/robo_init.o
 .ARM.attributes
                0x000004b2       0x39 Build/encoder.o
 .ARM.attributes
                0x000004eb       0x39 Build/main.o
 .ARM.attributes
                0x00000524       0x39 Build/joystick.o
 .ARM.attributes
                0x0000055d       0x39 Build/pid.o
 .ARM.attributes
                0x00000596       0x34 c:/program files (x86)/gnu tools arm embedded/7 2017-q4-major/bin/../lib/gcc/arm-none-eabi/7.2.1/../../../../arm-none-eabi/lib/thumb/v7e-m/fpv4-sp/hard\libstdc++_nano.a(atexit_arm.o)
 .ARM.attributes
                0x000005ca       0x34 c:/program files (x86)/gnu tools arm embedded/7 2017-q4-major/bin/../lib/gcc/arm-none-eabi/7.2.1/../../../../arm-none-eabi/lib/thumb/v7e-m/fpv4-sp/hard\libc_nano.a(lib_a-cxa_atexit.o)
 .ARM.attributes
                0x000005fe       0x34 c:/program files (x86)/gnu tools arm embedded/7 2017-q4-major/bin/../lib/gcc/arm-none-eabi/7.2.1/../../../../arm-none-eabi/lib/thumb/v7e-m/fpv4-sp/hard\libc_nano.a(lib_a-impure.o)
 .ARM.attributes
                0x00000632       0x34 c:/program files (x86)/gnu tools arm embedded/7 2017-q4-major/bin/../lib/gcc/arm-none-eabi/7.2.1/../../../../arm-none-eabi/lib/thumb/v7e-m/fpv4-sp/hard\libc_nano.a(lib_a-init.o)
 .ARM.attributes
                0x00000666       0x34 c:/program files (x86)/gnu tools arm embedded/7 2017-q4-major/bin/../lib/gcc/arm-none-eabi/7.2.1/../../../../arm-none-eabi/lib/thumb/v7e-m/fpv4-sp/hard\libc_nano.a(lib_a-memset.o)
 .ARM.attributes
                0x0000069a       0x34 c:/program files (x86)/gnu tools arm embedded/7 2017-q4-major/bin/../lib/gcc/arm-none-eabi/7.2.1/../../../../arm-none-eabi/lib/thumb/v7e-m/fpv4-sp/hard\libc_nano.a(lib_a-nano-vfprintf_float.o)
 .ARM.attributes
                0x000006ce       0x34 c:/program files (x86)/gnu tools arm embedded/7 2017-q4-major/bin/../lib/gcc/arm-none-eabi/7.2.1/../../../../arm-none-eabi/lib/thumb/v7e-m/fpv4-sp/hard\libc_nano.a(lib_a-nano-vfprintf_i.o)
 .ARM.attributes
                0x00000702       0x34 c:/program files (x86)/gnu tools arm embedded/7 2017-q4-major/bin/../lib/gcc/arm-none-eabi/7.2.1/../../../../arm-none-eabi/lib/thumb/v7e-m/fpv4-sp/hard\libc_nano.a(lib_a-printf.o)
 .ARM.attributes
                0x00000736       0x1b c:/program files (x86)/gnu tools arm embedded/7 2017-q4-major/bin/../lib/gcc/arm-none-eabi/7.2.1/../../../../arm-none-eabi/lib/thumb/v7e-m/fpv4-sp/hard\libc_nano.a(lib_a-strlen.o)
 .ARM.attributes
                0x00000751       0x34 c:/program files (x86)/gnu tools arm embedded/7 2017-q4-major/bin/../lib/gcc/arm-none-eabi/7.2.1/../../../../arm-none-eabi/lib/thumb/v7e-m/fpv4-sp/hard\libc_nano.a(lib_a-dtoa.o)
 .ARM.attributes
                0x00000785       0x34 c:/program files (x86)/gnu tools arm embedded/7 2017-q4-major/bin/../lib/gcc/arm-none-eabi/7.2.1/../../../../arm-none-eabi/lib/thumb/v7e-m/fpv4-sp/hard\libc_nano.a(lib_a-findfp.o)
 .ARM.attributes
                0x000007b9       0x34 c:/program files (x86)/gnu tools arm embedded/7 2017-q4-major/bin/../lib/gcc/arm-none-eabi/7.2.1/../../../../arm-none-eabi/lib/thumb/v7e-m/fpv4-sp/hard\libc_nano.a(lib_a-fwalk.o)
 .ARM.attributes
                0x000007ed       0x34 c:/program files (x86)/gnu tools arm embedded/7 2017-q4-major/bin/../lib/gcc/arm-none-eabi/7.2.1/../../../../arm-none-eabi/lib/thumb/v7e-m/fpv4-sp/hard\libc_nano.a(lib_a-localeconv.o)
 .ARM.attributes
                0x00000821       0x34 c:/program files (x86)/gnu tools arm embedded/7 2017-q4-major/bin/../lib/gcc/arm-none-eabi/7.2.1/../../../../arm-none-eabi/lib/thumb/v7e-m/fpv4-sp/hard\libc_nano.a(lib_a-malloc.o)
 .ARM.attributes
                0x00000855       0x20 c:/program files (x86)/gnu tools arm embedded/7 2017-q4-major/bin/../lib/gcc/arm-none-eabi/7.2.1/../../../../arm-none-eabi/lib/thumb/v7e-m/fpv4-sp/hard\libc_nano.a(lib_a-memchr.o)
 .ARM.attributes
                0x00000875       0x34 c:/program files (x86)/gnu tools arm embedded/7 2017-q4-major/bin/../lib/gcc/arm-none-eabi/7.2.1/../../../../arm-none-eabi/lib/thumb/v7e-m/fpv4-sp/hard\libc_nano.a(lib_a-memcpy-stub.o)
 .ARM.attributes
                0x000008a9       0x34 c:/program files (x86)/gnu tools arm embedded/7 2017-q4-major/bin/../lib/gcc/arm-none-eabi/7.2.1/../../../../arm-none-eabi/lib/thumb/v7e-m/fpv4-sp/hard\libc_nano.a(lib_a-mprec.o)
 .ARM.attributes
                0x000008dd       0x34 c:/program files (x86)/gnu tools arm embedded/7 2017-q4-major/bin/../lib/gcc/arm-none-eabi/7.2.1/../../../../arm-none-eabi/lib/thumb/v7e-m/fpv4-sp/hard\libc_nano.a(lib_a-nano-callocr.o)
 .ARM.attributes
                0x00000911       0x34 c:/program files (x86)/gnu tools arm embedded/7 2017-q4-major/bin/../lib/gcc/arm-none-eabi/7.2.1/../../../../arm-none-eabi/lib/thumb/v7e-m/fpv4-sp/hard\libc_nano.a(lib_a-nano-freer.o)
 .ARM.attributes
                0x00000945       0x34 c:/program files (x86)/gnu tools arm embedded/7 2017-q4-major/bin/../lib/gcc/arm-none-eabi/7.2.1/../../../../arm-none-eabi/lib/thumb/v7e-m/fpv4-sp/hard\libc_nano.a(lib_a-nano-mallocr.o)
 .ARM.attributes
                0x00000979       0x34 c:/program files (x86)/gnu tools arm embedded/7 2017-q4-major/bin/../lib/gcc/arm-none-eabi/7.2.1/../../../../arm-none-eabi/lib/thumb/v7e-m/fpv4-sp/hard\libc_nano.a(lib_a-nano-vfprintf.o)
 .ARM.attributes
                0x000009ad       0x34 c:/program files (x86)/gnu tools arm embedded/7 2017-q4-major/bin/../lib/gcc/arm-none-eabi/7.2.1/../../../../arm-none-eabi/lib/thumb/v7e-m/fpv4-sp/hard\libc_nano.a(lib_a-sbrkr.o)
 .ARM.attributes
                0x000009e1       0x34 c:/program files (x86)/gnu tools arm embedded/7 2017-q4-major/bin/../lib/gcc/arm-none-eabi/7.2.1/../../../../arm-none-eabi/lib/thumb/v7e-m/fpv4-sp/hard\libc_nano.a(lib_a-stdio.o)
 .ARM.attributes
                0x00000a15       0x34 c:/program files (x86)/gnu tools arm embedded/7 2017-q4-major/bin/../lib/gcc/arm-none-eabi/7.2.1/../../../../arm-none-eabi/lib/thumb/v7e-m/fpv4-sp/hard\libc_nano.a(lib_a-wbuf.o)
 .ARM.attributes
                0x00000a49       0x34 c:/program files (x86)/gnu tools arm embedded/7 2017-q4-major/bin/../lib/gcc/arm-none-eabi/7.2.1/../../../../arm-none-eabi/lib/thumb/v7e-m/fpv4-sp/hard\libc_nano.a(lib_a-writer.o)
 .ARM.attributes
                0x00000a7d       0x34 c:/program files (x86)/gnu tools arm embedded/7 2017-q4-major/bin/../lib/gcc/arm-none-eabi/7.2.1/../../../../arm-none-eabi/lib/thumb/v7e-m/fpv4-sp/hard\libc_nano.a(lib_a-wsetup.o)
 .ARM.attributes
                0x00000ab1       0x34 c:/program files (x86)/gnu tools arm embedded/7 2017-q4-major/bin/../lib/gcc/arm-none-eabi/7.2.1/../../../../arm-none-eabi/lib/thumb/v7e-m/fpv4-sp/hard\libc_nano.a(lib_a-closer.o)
 .ARM.attributes
                0x00000ae5       0x34 c:/program files (x86)/gnu tools arm embedded/7 2017-q4-major/bin/../lib/gcc/arm-none-eabi/7.2.1/../../../../arm-none-eabi/lib/thumb/v7e-m/fpv4-sp/hard\libc_nano.a(lib_a-fflush.o)
 .ARM.attributes
                0x00000b19       0x34 c:/program files (x86)/gnu tools arm embedded/7 2017-q4-major/bin/../lib/gcc/arm-none-eabi/7.2.1/../../../../arm-none-eabi/lib/thumb/v7e-m/fpv4-sp/hard\libc_nano.a(lib_a-locale.o)
 .ARM.attributes
                0x00000b4d       0x34 c:/program files (x86)/gnu tools arm embedded/7 2017-q4-major/bin/../lib/gcc/arm-none-eabi/7.2.1/../../../../arm-none-eabi/lib/thumb/v7e-m/fpv4-sp/hard\libc_nano.a(lib_a-lseekr.o)
 .ARM.attributes
                0x00000b81       0x34 c:/program files (x86)/gnu tools arm embedded/7 2017-q4-major/bin/../lib/gcc/arm-none-eabi/7.2.1/../../../../arm-none-eabi/lib/thumb/v7e-m/fpv4-sp/hard\libc_nano.a(lib_a-makebuf.o)
 .ARM.attributes
                0x00000bb5       0x34 c:/program files (x86)/gnu tools arm embedded/7 2017-q4-major/bin/../lib/gcc/arm-none-eabi/7.2.1/../../../../arm-none-eabi/lib/thumb/v7e-m/fpv4-sp/hard\libc_nano.a(lib_a-mbtowc_r.o)
 .ARM.attributes
                0x00000be9       0x34 c:/program files (x86)/gnu tools arm embedded/7 2017-q4-major/bin/../lib/gcc/arm-none-eabi/7.2.1/../../../../arm-none-eabi/lib/thumb/v7e-m/fpv4-sp/hard\libc_nano.a(lib_a-mlock.o)
 .ARM.attributes
                0x00000c1d       0x34 c:/program files (x86)/gnu tools arm embedded/7 2017-q4-major/bin/../lib/gcc/arm-none-eabi/7.2.1/../../../../arm-none-eabi/lib/thumb/v7e-m/fpv4-sp/hard\libc_nano.a(lib_a-readr.o)
 .ARM.attributes
                0x00000c51       0x34 c:/program files (x86)/gnu tools arm embedded/7 2017-q4-major/bin/../lib/gcc/arm-none-eabi/7.2.1/../../../../arm-none-eabi/lib/thumb/v7e-m/fpv4-sp/hard\libc_nano.a(lib_a-reent.o)
 .ARM.attributes
                0x00000c85       0x34 c:/program files (x86)/gnu tools arm embedded/7 2017-q4-major/bin/../lib/gcc/arm-none-eabi/7.2.1/../../../../arm-none-eabi/lib/thumb/v7e-m/fpv4-sp/hard\libc_nano.a(lib_a-wctomb_r.o)
 .ARM.attributes
                0x00000cb9       0x34 c:/program files (x86)/gnu tools arm embedded/7 2017-q4-major/bin/../lib/gcc/arm-none-eabi/7.2.1/../../../../arm-none-eabi/lib/thumb/v7e-m/fpv4-sp/hard\libc_nano.a(lib_a-ctype_.o)
 .ARM.attributes
                0x00000ced       0x34 c:/program files (x86)/gnu tools arm embedded/7 2017-q4-major/bin/../lib/gcc/arm-none-eabi/7.2.1/../../../../arm-none-eabi/lib/thumb/v7e-m/fpv4-sp/hard\libc_nano.a(lib_a-fstatr.o)
 .ARM.attributes
                0x00000d21       0x34 c:/program files (x86)/gnu tools arm embedded/7 2017-q4-major/bin/../lib/gcc/arm-none-eabi/7.2.1/../../../../arm-none-eabi/lib/thumb/v7e-m/fpv4-sp/hard\libc_nano.a(lib_a-isattyr.o)
 .ARM.attributes
                0x00000d55       0x22 c:/program files (x86)/gnu tools arm embedded/7 2017-q4-major/bin/../lib/gcc/arm-none-eabi/7.2.1/thumb/v7e-m/fpv4-sp/hard\libgcc.a(_arm_addsubdf3.o)
 .ARM.attributes
                0x00000d77       0x22 c:/program files (x86)/gnu tools arm embedded/7 2017-q4-major/bin/../lib/gcc/arm-none-eabi/7.2.1/thumb/v7e-m/fpv4-sp/hard\libgcc.a(_arm_muldivdf3.o)
 .ARM.attributes
                0x00000d99       0x22 c:/program files (x86)/gnu tools arm embedded/7 2017-q4-major/bin/../lib/gcc/arm-none-eabi/7.2.1/thumb/v7e-m/fpv4-sp/hard\libgcc.a(_arm_cmpdf2.o)
 .ARM.attributes
                0x00000dbb       0x22 c:/program files (x86)/gnu tools arm embedded/7 2017-q4-major/bin/../lib/gcc/arm-none-eabi/7.2.1/thumb/v7e-m/fpv4-sp/hard\libgcc.a(_arm_unorddf2.o)
 .ARM.attributes
                0x00000ddd       0x22 c:/program files (x86)/gnu tools arm embedded/7 2017-q4-major/bin/../lib/gcc/arm-none-eabi/7.2.1/thumb/v7e-m/fpv4-sp/hard\libgcc.a(_arm_fixdfsi.o)
 .ARM.attributes
                0x00000dff       0x22 c:/program files (x86)/gnu tools arm embedded/7 2017-q4-major/bin/../lib/gcc/arm-none-eabi/7.2.1/thumb/v7e-m/fpv4-sp/hard\libgcc.a(_arm_fixunsdfsi.o)
 .ARM.attributes
                0x00000e21       0x22 c:/program files (x86)/gnu tools arm embedded/7 2017-q4-major/bin/../lib/gcc/arm-none-eabi/7.2.1/thumb/v7e-m/fpv4-sp/hard\libgcc.a(_arm_truncdfsf2.o)
 .ARM.attributes
                0x00000e43       0x22 c:/program files (x86)/gnu tools arm embedded/7 2017-q4-major/bin/../lib/gcc/arm-none-eabi/7.2.1/thumb/v7e-m/fpv4-sp/hard\libgcc.a(_aeabi_uldivmod.o)
 .ARM.attributes
                0x00000e65       0x34 c:/program files (x86)/gnu tools arm embedded/7 2017-q4-major/bin/../lib/gcc/arm-none-eabi/7.2.1/thumb/v7e-m/fpv4-sp/hard\libgcc.a(_udivmoddi4.o)
 .ARM.attributes
                0x00000e99       0x22 c:/program files (x86)/gnu tools arm embedded/7 2017-q4-major/bin/../lib/gcc/arm-none-eabi/7.2.1/thumb/v7e-m/fpv4-sp/hard\libgcc.a(_dvmd_tls.o)
 .ARM.attributes
                0x00000ebb       0x34 c:/program files (x86)/gnu tools arm embedded/7 2017-q4-major/bin/../lib/gcc/arm-none-eabi/7.2.1/../../../../arm-none-eabi/lib/thumb/v7e-m/fpv4-sp/hard\libnosys.a(close.o)
 .ARM.attributes
                0x00000eef       0x34 c:/program files (x86)/gnu tools arm embedded/7 2017-q4-major/bin/../lib/gcc/arm-none-eabi/7.2.1/../../../../arm-none-eabi/lib/thumb/v7e-m/fpv4-sp/hard\libnosys.a(fstat.o)
 .ARM.attributes
                0x00000f23       0x34 c:/program files (x86)/gnu tools arm embedded/7 2017-q4-major/bin/../lib/gcc/arm-none-eabi/7.2.1/../../../../arm-none-eabi/lib/thumb/v7e-m/fpv4-sp/hard\libnosys.a(isatty.o)
 .ARM.attributes
                0x00000f57       0x34 c:/program files (x86)/gnu tools arm embedded/7 2017-q4-major/bin/../lib/gcc/arm-none-eabi/7.2.1/../../../../arm-none-eabi/lib/thumb/v7e-m/fpv4-sp/hard\libnosys.a(lseek.o)
 .ARM.attributes
                0x00000f8b       0x34 c:/program files (x86)/gnu tools arm embedded/7 2017-q4-major/bin/../lib/gcc/arm-none-eabi/7.2.1/../../../../arm-none-eabi/lib/thumb/v7e-m/fpv4-sp/hard\libnosys.a(read.o)
 .ARM.attributes
                0x00000fbf       0x34 c:/program files (x86)/gnu tools arm embedded/7 2017-q4-major/bin/../lib/gcc/arm-none-eabi/7.2.1/../../../../arm-none-eabi/lib/thumb/v7e-m/fpv4-sp/hard\libnosys.a(sbrk.o)
 .ARM.attributes
                0x00000ff3       0x22 c:/program files (x86)/gnu tools arm embedded/7 2017-q4-major/bin/../lib/gcc/arm-none-eabi/7.2.1/thumb/v7e-m/fpv4-sp/hard/crtn.o
OUTPUT(Build/test2.elf elf32-littlearm)

.debug_info     0x00000000    0x1c420
 .debug_info    0x00000000      0x4a3 Build/printf_config.o
 .debug_info    0x000004a3      0x65c Build/gpio.o
 .debug_info    0x00000aff     0x18bd Build/tim.o
 .debug_info    0x000023bc      0xeb2 Build/usart.o
 .debug_info    0x0000326e      0xbe3 Build/stm32f4xx_it.o
 .debug_info    0x00003e51      0x380 Build/stm32f4xx_hal_msp.o
 .debug_info    0x000041d1     0x3478 Build/stm32f4xx_hal_tim.o
 .debug_info    0x00007649     0x1612 Build/stm32f4xx_hal_tim_ex.o
 .debug_info    0x00008c5b     0x18aa Build/stm32f4xx_hal_uart.o
 .debug_info    0x0000a505      0xb16 Build/stm32f4xx_hal_rcc.o
 .debug_info    0x0000b01b      0x80c Build/stm32f4xx_hal_gpio.o
 .debug_info    0x0000b827      0xaee Build/stm32f4xx_hal_dma.o
 .debug_info    0x0000c315     0x101a Build/stm32f4xx_hal_cortex.o
 .debug_info    0x0000d32f      0xaaa Build/stm32f4xx_hal.o
 .debug_info    0x0000ddd9      0x580 Build/system_stm32f4xx.o
 .debug_info    0x0000e359      0x5e7 Build/dma.o
 .debug_info    0x0000e940       0x22 Build/startup_stm32f407xx.o
 .debug_info    0x0000e962     0x25f3 Build/actuator.o
 .debug_info    0x00010f55     0x223e Build/motor.o
 .debug_info    0x00013193     0x28c3 Build/robo_init.o
 .debug_info    0x00015a56     0x1f22 Build/encoder.o
 .debug_info    0x00017978     0x2000 Build/main.o
 .debug_info    0x00019978     0x136f Build/joystick.o
 .debug_info    0x0001ace7     0x1739 Build/pid.o

.debug_abbrev   0x00000000     0x3e01
 .debug_abbrev  0x00000000      0x193 Build/printf_config.o
 .debug_abbrev  0x00000193      0x162 Build/gpio.o
 .debug_abbrev  0x000002f5      0x231 Build/tim.o
 .debug_abbrev  0x00000526      0x1e4 Build/usart.o
 .debug_abbrev  0x0000070a      0x1a4 Build/stm32f4xx_it.o
 .debug_abbrev  0x000008ae      0x110 Build/stm32f4xx_hal_msp.o
 .debug_abbrev  0x000009be      0x274 Build/stm32f4xx_hal_tim.o
 .debug_abbrev  0x00000c32      0x26d Build/stm32f4xx_hal_tim_ex.o
 .debug_abbrev  0x00000e9f      0x2bf Build/stm32f4xx_hal_uart.o
 .debug_abbrev  0x0000115e      0x28d Build/stm32f4xx_hal_rcc.o
 .debug_abbrev  0x000013eb      0x21c Build/stm32f4xx_hal_gpio.o
 .debug_abbrev  0x00001607      0x2ac Build/stm32f4xx_hal_dma.o
 .debug_abbrev  0x000018b3      0x33d Build/stm32f4xx_hal_cortex.o
 .debug_abbrev  0x00001bf0      0x1f1 Build/stm32f4xx_hal.o
 .debug_abbrev  0x00001de1      0x110 Build/system_stm32f4xx.o
 .debug_abbrev  0x00001ef1      0x140 Build/dma.o
 .debug_abbrev  0x00002031       0x12 Build/startup_stm32f407xx.o
 .debug_abbrev  0x00002043      0x4cb Build/actuator.o
 .debug_abbrev  0x0000250e      0x4ab Build/motor.o
 .debug_abbrev  0x000029b9      0x555 Build/robo_init.o
 .debug_abbrev  0x00002f0e      0x50c Build/encoder.o
 .debug_abbrev  0x0000341a      0x370 Build/main.o
 .debug_abbrev  0x0000378a      0x255 Build/joystick.o
 .debug_abbrev  0x000039df      0x422 Build/pid.o

.debug_loc      0x00000000     0xaca5
 .debug_loc     0x00000000      0x13b Build/printf_config.o
 .debug_loc     0x0000013b       0x39 Build/gpio.o
 .debug_loc     0x00000174      0x3f7 Build/tim.o
 .debug_loc     0x0000056b      0x138 Build/usart.o
 .debug_loc     0x000006a3      0x1a0 Build/stm32f4xx_it.o
 .debug_loc     0x00000843       0x38 Build/stm32f4xx_hal_msp.o
 .debug_loc     0x0000087b     0x4378 Build/stm32f4xx_hal_tim.o
 .debug_loc     0x00004bf3     0x1602 Build/stm32f4xx_hal_tim_ex.o
 .debug_loc     0x000061f5     0x1a03 Build/stm32f4xx_hal_uart.o
 .debug_loc     0x00007bf8      0x555 Build/stm32f4xx_hal_rcc.o
 .debug_loc     0x0000814d      0x55f Build/stm32f4xx_hal_gpio.o
 .debug_loc     0x000086ac      0xc96 Build/stm32f4xx_hal_dma.o
 .debug_loc     0x00009342      0x65e Build/stm32f4xx_hal_cortex.o
 .debug_loc     0x000099a0      0x19d Build/stm32f4xx_hal.o
 .debug_loc     0x00009b3d      0x13e Build/system_stm32f4xx.o
 .debug_loc     0x00009c7b       0x38 Build/dma.o
 .debug_loc     0x00009cb3      0x2c9 Build/actuator.o
 .debug_loc     0x00009f7c      0x3e1 Build/motor.o
 .debug_loc     0x0000a35d      0x3fb Build/robo_init.o
 .debug_loc     0x0000a758      0x2e1 Build/encoder.o
 .debug_loc     0x0000aa39       0x59 Build/main.o
 .debug_loc     0x0000aa92       0x44 Build/joystick.o
 .debug_loc     0x0000aad6      0x1cf Build/pid.o

.debug_aranges  0x00000000      0xe28
 .debug_aranges
                0x00000000       0x28 Build/printf_config.o
 .debug_aranges
                0x00000028       0x20 Build/gpio.o
 .debug_aranges
                0x00000048       0x68 Build/tim.o
 .debug_aranges
                0x000000b0       0x38 Build/usart.o
 .debug_aranges
                0x000000e8       0xc0 Build/stm32f4xx_it.o
 .debug_aranges
                0x000001a8       0x20 Build/stm32f4xx_hal_msp.o
 .debug_aranges
                0x000001c8      0x3a8 Build/stm32f4xx_hal_tim.o
 .debug_aranges
                0x00000570      0x150 Build/stm32f4xx_hal_tim_ex.o
 .debug_aranges
                0x000006c0      0x1d0 Build/stm32f4xx_hal_uart.o
 .debug_aranges
                0x00000890       0x88 Build/stm32f4xx_hal_rcc.o
 .debug_aranges
                0x00000918       0x58 Build/stm32f4xx_hal_gpio.o
 .debug_aranges
                0x00000970       0x90 Build/stm32f4xx_hal_dma.o
 .debug_aranges
                0x00000a00       0xa8 Build/stm32f4xx_hal_cortex.o
 .debug_aranges
                0x00000aa8       0xf0 Build/stm32f4xx_hal.o
 .debug_aranges
                0x00000b98       0x28 Build/system_stm32f4xx.o
 .debug_aranges
                0x00000bc0       0x20 Build/dma.o
 .debug_aranges
                0x00000be0       0x28 Build/startup_stm32f407xx.o
 .debug_aranges
                0x00000c08       0x98 Build/actuator.o
 .debug_aranges
                0x00000ca0       0x50 Build/motor.o
 .debug_aranges
                0x00000cf0       0x48 Build/robo_init.o
 .debug_aranges
                0x00000d38       0x58 Build/encoder.o
 .debug_aranges
                0x00000d90       0x30 Build/main.o
 .debug_aranges
                0x00000dc0       0x20 Build/joystick.o
 .debug_aranges
                0x00000de0       0x48 Build/pid.o

.debug_ranges   0x00000000      0xd40
 .debug_ranges  0x00000000       0x30 Build/printf_config.o
 .debug_ranges  0x00000030       0x10 Build/gpio.o
 .debug_ranges  0x00000040       0x58 Build/tim.o
 .debug_ranges  0x00000098       0x28 Build/usart.o
 .debug_ranges  0x000000c0       0xb0 Build/stm32f4xx_it.o
 .debug_ranges  0x00000170       0x10 Build/stm32f4xx_hal_msp.o
 .debug_ranges  0x00000180      0x398 Build/stm32f4xx_hal_tim.o
 .debug_ranges  0x00000518      0x140 Build/stm32f4xx_hal_tim_ex.o
 .debug_ranges  0x00000658      0x1c0 Build/stm32f4xx_hal_uart.o
 .debug_ranges  0x00000818       0x90 Build/stm32f4xx_hal_rcc.o
 .debug_ranges  0x000008a8       0x48 Build/stm32f4xx_hal_gpio.o
 .debug_ranges  0x000008f0       0x80 Build/stm32f4xx_hal_dma.o
 .debug_ranges  0x00000970       0xf8 Build/stm32f4xx_hal_cortex.o
 .debug_ranges  0x00000a68       0xe0 Build/stm32f4xx_hal.o
 .debug_ranges  0x00000b48       0x18 Build/system_stm32f4xx.o
 .debug_ranges  0x00000b60       0x10 Build/dma.o
 .debug_ranges  0x00000b70       0x20 Build/startup_stm32f407xx.o
 .debug_ranges  0x00000b90       0x88 Build/actuator.o
 .debug_ranges  0x00000c18       0x40 Build/motor.o
 .debug_ranges  0x00000c58       0x38 Build/robo_init.o
 .debug_ranges  0x00000c90       0x48 Build/encoder.o
 .debug_ranges  0x00000cd8       0x20 Build/main.o
 .debug_ranges  0x00000cf8       0x10 Build/joystick.o
 .debug_ranges  0x00000d08       0x38 Build/pid.o

.debug_line     0x00000000     0x7472
 .debug_line    0x00000000      0x1ba Build/printf_config.o
 .debug_line    0x000001ba      0x1e8 Build/gpio.o
 .debug_line    0x000003a2      0x40d Build/tim.o
 .debug_line    0x000007af      0x2dc Build/usart.o
 .debug_line    0x00000a8b      0x381 Build/stm32f4xx_it.o
 .debug_line    0x00000e0c      0x1d6 Build/stm32f4xx_hal_msp.o
 .debug_line    0x00000fe2     0x1416 Build/stm32f4xx_hal_tim.o
 .debug_line    0x000023f8      0x85e Build/stm32f4xx_hal_tim_ex.o
 .debug_line    0x00002c56      0xb80 Build/stm32f4xx_hal_uart.o
 .debug_line    0x000037d6      0x4b9 Build/stm32f4xx_hal_rcc.o
 .debug_line    0x00003c8f      0x389 Build/stm32f4xx_hal_gpio.o
 .debug_line    0x00004018      0x53c Build/stm32f4xx_hal_dma.o
 .debug_line    0x00004554      0x44d Build/stm32f4xx_hal_cortex.o
 .debug_line    0x000049a1      0x412 Build/stm32f4xx_hal.o
 .debug_line    0x00004db3      0x1cb Build/system_stm32f4xx.o
 .debug_line    0x00004f7e      0x1c9 Build/dma.o
 .debug_line    0x00005147       0x74 Build/startup_stm32f407xx.o
 .debug_line    0x000051bb      0x68c Build/actuator.o
 .debug_line    0x00005847      0x4f2 Build/motor.o
 .debug_line    0x00005d39      0x5e7 Build/robo_init.o
 .debug_line    0x00006320      0x58e Build/encoder.o
 .debug_line    0x000068ae      0x4f4 Build/main.o
 .debug_line    0x00006da2      0x33e Build/joystick.o
 .debug_line    0x000070e0      0x392 Build/pid.o

.debug_str      0x00000000     0x4a62
 .debug_str     0x00000000      0x261 Build/printf_config.o
                                0x2c6 (size before relaxing)
 .debug_str     0x00000261      0x16a Build/gpio.o
                                0x3b4 (size before relaxing)
 .debug_str     0x000003cb      0xc0c Build/tim.o
                               0x106d (size before relaxing)
 .debug_str     0x00000fd7      0x21f Build/usart.o
                                0xd85 (size before relaxing)
 .debug_str     0x000011f6      0x1ed Build/stm32f4xx_it.o
                                0x9f0 (size before relaxing)
 .debug_str     0x000013e3       0x46 Build/stm32f4xx_hal_msp.o
                                0x320 (size before relaxing)
 .debug_str     0x00001429      0xcca Build/stm32f4xx_hal_tim.o
                               0x14f3 (size before relaxing)
 .debug_str     0x000020f3      0x423 Build/stm32f4xx_hal_tim_ex.o
                                0xd0b (size before relaxing)
 .debug_str     0x00002516      0x551 Build/stm32f4xx_hal_uart.o
                                0xc3e (size before relaxing)
 .debug_str     0x00002a67      0x28c Build/stm32f4xx_hal_rcc.o
                                0x6e9 (size before relaxing)
 .debug_str     0x00002cf3      0x117 Build/stm32f4xx_hal_gpio.o
                                0x516 (size before relaxing)
 .debug_str     0x00002e0a      0x29b Build/stm32f4xx_hal_dma.o
                                0x79c (size before relaxing)
 .debug_str     0x000030a5      0x4a5 Build/stm32f4xx_hal_cortex.o
                                0xc50 (size before relaxing)
 .debug_str     0x0000354a      0x292 Build/stm32f4xx_hal.o
                                0xb85 (size before relaxing)
 .debug_str     0x000037dc       0x47 Build/system_stm32f4xx.o
                                0x37f (size before relaxing)
 .debug_str     0x00003823       0x1b Build/dma.o
                                0x80b (size before relaxing)
 .debug_str     0x0000383e       0x25 Build/startup_stm32f407xx.o
                                 0x42 (size before relaxing)
 .debug_str     0x00003863      0xd23 Build/actuator.o
                               0x1609 (size before relaxing)
 .debug_str     0x00004586       0xd3 Build/motor.o
                               0x11a0 (size before relaxing)
 .debug_str     0x00004659       0xfc Build/robo_init.o
                               0x1533 (size before relaxing)
 .debug_str     0x00004755      0x200 Build/encoder.o
                               0x10c4 (size before relaxing)
 .debug_str     0x00004955       0xb1 Build/main.o
                               0x12a7 (size before relaxing)
 .debug_str     0x00004a06       0x16 Build/joystick.o
                                0xdcf (size before relaxing)
 .debug_str     0x00004a1c       0x46 Build/pid.o
                                0x950 (size before relaxing)

.comment        0x00000000       0x7e
 .comment       0x00000000       0x7e Build/printf_config.o
                                 0x7f (size before relaxing)
 .comment       0x0000007e       0x7f Build/gpio.o
 .comment       0x0000007e       0x7f Build/tim.o
 .comment       0x0000007e       0x7f Build/usart.o
 .comment       0x0000007e       0x7f Build/stm32f4xx_it.o
 .comment       0x0000007e       0x7f Build/stm32f4xx_hal_msp.o
 .comment       0x0000007e       0x7f Build/stm32f4xx_hal_tim.o
 .comment       0x0000007e       0x7f Build/stm32f4xx_hal_tim_ex.o
 .comment       0x0000007e       0x7f Build/stm32f4xx_hal_uart.o
 .comment       0x0000007e       0x7f Build/stm32f4xx_hal_rcc.o
 .comment       0x0000007e       0x7f Build/stm32f4xx_hal_gpio.o
 .comment       0x0000007e       0x7f Build/stm32f4xx_hal_dma.o
 .comment       0x0000007e       0x7f Build/stm32f4xx_hal_cortex.o
 .comment       0x0000007e       0x7f Build/stm32f4xx_hal.o
 .comment       0x0000007e       0x7f Build/system_stm32f4xx.o
 .comment       0x0000007e       0x7f Build/dma.o
 .comment       0x0000007e       0x7f Build/actuator.o
 .comment       0x0000007e       0x7f Build/motor.o
 .comment       0x0000007e       0x7f Build/robo_init.o
 .comment       0x0000007e       0x7f Build/encoder.o
 .comment       0x0000007e       0x7f Build/main.o
 .comment       0x0000007e       0x7f Build/joystick.o
 .comment       0x0000007e       0x7f Build/pid.o

.debug_frame    0x00000000     0x37dc
 .debug_frame   0x00000000       0x48 Build/printf_config.o
 .debug_frame   0x00000048       0x44 Build/gpio.o
 .debug_frame   0x0000008c      0x158 Build/tim.o
 .debug_frame   0x000001e4       0x8c Build/usart.o
 .debug_frame   0x00000270      0x1fc Build/stm32f4xx_it.o
 .debug_frame   0x0000046c       0x2c Build/stm32f4xx_hal_msp.o
 .debug_frame   0x00000498      0xbc4 Build/stm32f4xx_hal_tim.o
 .debug_frame   0x0000105c      0x430 Build/stm32f4xx_hal_tim_ex.o
 .debug_frame   0x0000148c      0x57c Build/stm32f4xx_hal_uart.o
 .debug_frame   0x00001a08      0x1c4 Build/stm32f4xx_hal_rcc.o
 .debug_frame   0x00001bcc       0xec Build/stm32f4xx_hal_gpio.o
 .debug_frame   0x00001cb8      0x1b8 Build/stm32f4xx_hal_dma.o
 .debug_frame   0x00001e70      0x16c Build/stm32f4xx_hal_cortex.o
 .debug_frame   0x00001fdc      0x200 Build/stm32f4xx_hal.o
 .debug_frame   0x000021dc       0x30 Build/system_stm32f4xx.o
 .debug_frame   0x0000220c       0x30 Build/dma.o
 .debug_frame   0x0000223c      0x1d0 Build/actuator.o
 .debug_frame   0x0000240c      0x104 Build/motor.o